
Optional file libmchp_peripheral.a not found

Optional file libmchp_peripheral_32MX470F512H.a not found
Archive member included to satisfy reference by file (symbol)

/opt/microchip/xc32/v4.30/bin/bin/../../lib/gcc/pic32mx/8.3.1/../../../../pic32mx/lib/libpic32.a(memcpy.o)
                              build/pic32mx470_curiosity/production/_ext/404212886/queue.o (memcpy)
/opt/microchip/xc32/v4.30/bin/bin/../../lib/gcc/pic32mx/8.3.1/../../../../pic32mx/lib/libpic32.a(memset.o)
                              build/pic32mx470_curiosity/production/_ext/404212886/FreeRTOS_tasks.o (memset)
/opt/microchip/xc32/v4.30/bin/bin/../../lib/gcc/pic32mx/8.3.1/../../../../pic32mx/lib/libpic32.a(default-on-reset.o)
                              /tmp/ccZezZuI.o (_on_reset)
/opt/microchip/xc32/v4.30/bin/bin/../../lib/gcc/pic32mx/8.3.1/../../../../pic32mx/lib/libpic32.a(default-on-bootstrap.o)
                              /tmp/ccZezZuI.o (_on_bootstrap)
/opt/microchip/xc32/v4.30/bin/bin/../../lib/gcc/pic32mx/8.3.1/../../../../pic32mx/lib/libpic32.a(default-nmi-handler.o)
                              /tmp/ccZezZuI.o (_nmi_handler)
/opt/microchip/xc32/v4.30/bin/bin/../../lib/gcc/pic32mx/8.3.1/../../../../pic32mx/lib/libpic32.a(pic32_data_init_core.o)
                              /tmp/ccZezZuI.o (__pic32_data_init)
/opt/microchip/xc32/v4.30/bin/bin/../../lib/gcc/pic32mx/8.3.1/../../../../pic32mx/lib/libpic32.a(general-exception.o)
                              /tmp/ccZezZuI.o (_general_exception_context)
/opt/microchip/xc32/v4.30/bin/bin/../../lib/gcc/pic32mx/8.3.1/../../../../pic32mx/lib/libpic32.a(vector0.o)
                              /tmp/ccGRAQes.o (__vector_dispatch_0)
/opt/microchip/xc32/v4.30/bin/bin/../../lib/gcc/pic32mx/8.3.1/../../../../pic32mx/lib/libpic32.a(vector2.o)
                              /tmp/ccGRAQes.o (__vector_dispatch_2)
/opt/microchip/xc32/v4.30/bin/bin/../../lib/gcc/pic32mx/8.3.1/../../../../pic32mx/lib/libpic32.a(vector3.o)
                              /tmp/ccGRAQes.o (__vector_dispatch_3)
/opt/microchip/xc32/v4.30/bin/bin/../../lib/gcc/pic32mx/8.3.1/../../../../pic32mx/lib/libpic32.a(vector5.o)
                              /tmp/ccGRAQes.o (__vector_dispatch_5)
/opt/microchip/xc32/v4.30/bin/bin/../../lib/gcc/pic32mx/8.3.1/../../../../pic32mx/lib/libpic32.a(vector6.o)
                              /tmp/ccGRAQes.o (__vector_dispatch_6)
/opt/microchip/xc32/v4.30/bin/bin/../../lib/gcc/pic32mx/8.3.1/../../../../pic32mx/lib/libpic32.a(vector7.o)
                              /tmp/ccGRAQes.o (__vector_dispatch_7)
/opt/microchip/xc32/v4.30/bin/bin/../../lib/gcc/pic32mx/8.3.1/../../../../pic32mx/lib/libpic32.a(vector8.o)
                              /tmp/ccGRAQes.o (__vector_dispatch_8)
/opt/microchip/xc32/v4.30/bin/bin/../../lib/gcc/pic32mx/8.3.1/../../../../pic32mx/lib/libpic32.a(vector9.o)
                              /tmp/ccGRAQes.o (__vector_dispatch_9)
/opt/microchip/xc32/v4.30/bin/bin/../../lib/gcc/pic32mx/8.3.1/../../../../pic32mx/lib/libpic32.a(vector10.o)
                              /tmp/ccGRAQes.o (__vector_dispatch_10)
/opt/microchip/xc32/v4.30/bin/bin/../../lib/gcc/pic32mx/8.3.1/../../../../pic32mx/lib/libpic32.a(vector11.o)
                              /tmp/ccGRAQes.o (__vector_dispatch_11)
/opt/microchip/xc32/v4.30/bin/bin/../../lib/gcc/pic32mx/8.3.1/../../../../pic32mx/lib/libpic32.a(vector12.o)
                              /tmp/ccGRAQes.o (__vector_dispatch_12)
/opt/microchip/xc32/v4.30/bin/bin/../../lib/gcc/pic32mx/8.3.1/../../../../pic32mx/lib/libpic32.a(vector13.o)
                              /tmp/ccGRAQes.o (__vector_dispatch_13)
/opt/microchip/xc32/v4.30/bin/bin/../../lib/gcc/pic32mx/8.3.1/../../../../pic32mx/lib/libpic32.a(vector14.o)
                              /tmp/ccGRAQes.o (__vector_dispatch_14)
/opt/microchip/xc32/v4.30/bin/bin/../../lib/gcc/pic32mx/8.3.1/../../../../pic32mx/lib/libpic32.a(vector15.o)
                              /tmp/ccGRAQes.o (__vector_dispatch_15)
/opt/microchip/xc32/v4.30/bin/bin/../../lib/gcc/pic32mx/8.3.1/../../../../pic32mx/lib/libpic32.a(vector16.o)
                              /tmp/ccGRAQes.o (__vector_dispatch_16)
/opt/microchip/xc32/v4.30/bin/bin/../../lib/gcc/pic32mx/8.3.1/../../../../pic32mx/lib/libpic32.a(vector17.o)
                              /tmp/ccGRAQes.o (__vector_dispatch_17)
/opt/microchip/xc32/v4.30/bin/bin/../../lib/gcc/pic32mx/8.3.1/../../../../pic32mx/lib/libpic32.a(vector18.o)
                              /tmp/ccGRAQes.o (__vector_dispatch_18)
/opt/microchip/xc32/v4.30/bin/bin/../../lib/gcc/pic32mx/8.3.1/../../../../pic32mx/lib/libpic32.a(vector19.o)
                              /tmp/ccGRAQes.o (__vector_dispatch_19)
/opt/microchip/xc32/v4.30/bin/bin/../../lib/gcc/pic32mx/8.3.1/../../../../pic32mx/lib/libpic32.a(vector20.o)
                              /tmp/ccGRAQes.o (__vector_dispatch_20)
/opt/microchip/xc32/v4.30/bin/bin/../../lib/gcc/pic32mx/8.3.1/../../../../pic32mx/lib/libpic32.a(vector21.o)
[...]
Memory Configuration

Name             Origin             Length             Attributes
kseg0_program_mem 0x000000009d000000 0x0000000000080000 xr
kseg0_boot_mem   0x000000009fc00490 0x0000000000000970
exception_mem    0x000000009fc01000 0x0000000000001000
kseg1_boot_mem   0x00000000bfc00000 0x0000000000000490
debug_exec_mem   0x00000000bfc02000 0x0000000000000ff0
config3          0x00000000bfc02ff0 0x0000000000000004
config2          0x00000000bfc02ff4 0x0000000000000004
config1          0x00000000bfc02ff8 0x0000000000000004
config0          0x00000000bfc02ffc 0x0000000000000004
kseg1_data_mem   0x00000000a0000000 0x0000000000020000 w !x
sfrs             0x00000000bf800000 0x0000000000100000
configsfrs       0x00000000bfc02ff0 0x0000000000000010
*default*        0x0000000000000000 0xffffffffffffffff

Linker script and memory map

LOAD /opt/microchip/xc32/v4.30/bin/bin/../../lib/gcc/pic32mx/8.3.1/../../../../pic32mx/lib/debug-exception-return.o
LOAD build/pic32mx470_curiosity/production/_ext/1866994462/bsp.o
LOAD build/pic32mx470_curiosity/production/_ext/2042640400/osal_freertos.o
LOAD build/pic32mx470_curiosity/production/_ext/1949220912/plib_clk.o
LOAD build/pic32mx470_curiosity/production/_ext/296236899/plib_evic.o
LOAD build/pic32mx470_curiosity/production/_ext/296183071/plib_gpio.o
LOAD build/pic32mx470_curiosity/production/_ext/1098930264/xc32_monitor.o
LOAD build/pic32mx470_curiosity/production/_ext/1130503790/initialization.o
LOAD build/pic32mx470_curiosity/production/_ext/1130503790/interrupts.o
LOAD build/pic32mx470_curiosity/production/_ext/1130503790/interrupts_a.o
LOAD build/pic32mx470_curiosity/production/_ext/1130503790/exceptions.o
LOAD build/pic32mx470_curiosity/production/_ext/1130503790/freertos_hooks.o
LOAD build/pic32mx470_curiosity/production/_ext/1130503790/tasks.o
LOAD build/pic32mx470_curiosity/production/_ext/1665200909/heap_1.o
LOAD build/pic32mx470_curiosity/production/_ext/951553248/port.o
LOAD build/pic32mx470_curiosity/production/_ext/951553248/port_asm.o
LOAD build/pic32mx470_curiosity/production/_ext/404212886/croutine.o
LOAD build/pic32mx470_curiosity/production/_ext/404212886/list.o
LOAD build/pic32mx470_curiosity/production/_ext/404212886/queue.o
LOAD build/pic32mx470_curiosity/production/_ext/404212886/FreeRTOS_tasks.o
LOAD build/pic32mx470_curiosity/production/_ext/404212886/timers.o
LOAD build/pic32mx470_curiosity/production/_ext/404212886/event_groups.o
LOAD build/pic32mx470_curiosity/production/_ext/404212886/stream_buffer.o
LOAD build/pic32mx470_curiosity/production/_ext/1360937237/main.o
LOAD build/pic32mx470_curiosity/production/_ext/1360937237/app.o
LOAD build/pic32mx470_curiosity/production/_ext/1360937237/app1.o
                0x0000000000000001                __MPLAB_BUILD = 0x1
                0x0000000000000400                PROVIDE (_min_stack_size = 0x400)
START GROUP
LOAD libmchp_peripheral.a
END GROUP
START GROUP
LOAD libmchp_peripheral_32MX470F512H.a
END GROUP
                0x0000000000000001                PROVIDE (_vector_spacing = 0x1)
                0x000000009fc01000                PROVIDE (_ebase_address = 0x9fc01000)
                0x00000000bfc00000                _RESET_ADDR = 0xbfc00000
                0x00000000bfc00380                _BEV_EXCPT_ADDR = 0xbfc00380
                0x00000000bfc00480                _DBG_EXCPT_ADDR = 0xbfc00480
                0x00000000bfc02000                _DBG_CODE_ADDR = 0xbfc02000
                0x0000000000000ff0                _DBG_CODE_SIZE = 0xff0
                0x000000009fc01180                _GEN_EXCPT_ADDR = (_ebase_address + 0x180)

.config_BFC02FF0
                0x00000000bfc02ff0        0x4
 *(.config_BFC02FF0)
 .config_BFC02FF0
                0x00000000bfc02ff0        0x4 build/pic32mx470_curiosity/production/_ext/1130503790/initialization.o
                0x00000000bfc02ff0                __config_BFC02FF0

.config_BFC02FF4
                0x00000000bfc02ff4        0x4
 *(.config_BFC02FF4)
 .config_BFC02FF4
                0x00000000bfc02ff4        0x4 build/pic32mx470_curiosity/production/_ext/1130503790/initialization.o
                0x00000000bfc02ff4                __config_BFC02FF4

.config_BFC02FF8
                0x00000000bfc02ff8        0x4
 *(.config_BFC02FF8)
 .config_BFC02FF8
                0x00000000bfc02ff8        0x4 build/pic32mx470_curiosity/production/_ext/1130503790/initialization.o
                0x00000000bfc02ff8                __config_BFC02FF8

.config_BFC02FFC
                0x00000000bfc02ffc        0x4
 *(.config_BFC02FFC)
 .config_BFC02FFC
                0x00000000bfc02ffc        0x4 build/pic32mx470_curiosity/production/_ext/1130503790/initialization.o
                0x00000000bfc02ffc                __config_BFC02FFC

.reset          0x00000000bfc00000      0x19c
 *(.reset)
 .reset         0x00000000bfc00000        0x8 /tmp/ccZezZuI.o
                0x00000000bfc00000                _reset
 *(.reset.startup)
 .reset.startup
                0x00000000bfc00008      0x194 /tmp/ccZezZuI.o
                0x00000000bfc00008                _startup

.bev_excpt      0x00000000bfc00380       0x10
 *(.bev_handler)
 .bev_handler   0x00000000bfc00380       0x10 /tmp/ccZezZuI.o

.dbg_excpt      0x00000000bfc00480        0x0
                0x00000000bfc00480                . = (. + DEFINED (_DEBUGGER)?0x8:0x0)

.dbg_code       0x00000000bfc02000        0x0
                0x00000000bfc02000                . = (. + DEFINED (_DEBUGGER)?_DBG_CODE_SIZE:0x0)

.app_excpt      0x000000009fc01180       0x10
 *(.gen_handler)
 .gen_handler   0x000000009fc01180       0x10 /tmp/ccZezZuI.o

.vector_0       0x000000009fc01200        0x8
 *(.vector_0)
 .vector_0      0x000000009fc01200        0x8 /opt/microchip/xc32/v4.30/bin/bin/../../lib/gcc/pic32mx/8.3.1/../../../../pic32mx/lib/libpic32.a(vector0.o)
                0x000000009fc01200                __vector_dispatch_0
                0x0000000000000001                ASSERT (((_vector_spacing == 0x0) || (SIZEOF (.vector_0) <= (_vector_spacing << 0x5))), function at exception vector 0 too large)

.vector_1       0x000000009fc01220        0x8
 *(.vector_1)
 .vector_1      0x000000009fc01220        0x8 build/pic32mx470_curiosity/production/_ext/951553248/port.o
                0x000000009fc01220                __vector_dispatch_1
                0x0000000000000001                ASSERT (((_vector_spacing == 0x0) || (SIZEOF (.vector_1) <= (_vector_spacing << 0x5))), function at exception vector 1 too large)

.vector_2       0x000000009fc01240        0x8
 *(.vector_2)
 .vector_2      0x000000009fc01240        0x8 /opt/microchip/xc32/v4.30/bin/bin/../../lib/gcc/pic32mx/8.3.1/../../../../pic32mx/lib/libpic32.a(vector2.o)
                0x000000009fc01240                __vector_dispatch_2
                0x0000000000000001                ASSERT (((_vector_spacing == 0x0) || (SIZEOF (.vector_2) <= (_vector_spacing << 0x5))), function at exception vector 2 too large)

.vector_3       0x000000009fc01260        0x8
 *(.vector_3)
 .vector_3      0x000000009fc01260        0x8 /opt/microchip/xc32/v4.30/bin/bin/../../lib/gcc/pic32mx/8.3.1/../../../../pic32mx/lib/libpic32.a(vector3.o)
                0x000000009fc01260                __vector_dispatch_3
                0x0000000000000001                ASSERT (((_vector_spacing == 0x0) || (SIZEOF (.vector_3) <= (_vector_spacing << 0x5))), function at exception vector 3 too large)

.vector_4       0x000000009fc01280        0x8
 *(.vector_4)
 .vector_4      0x000000009fc01280        0x8 build/pic32mx470_curiosity/production/_ext/951553248/port.o
                0x000000009fc01280                __vector_dispatch_4
                0x0000000000000001                ASSERT (((_vector_spacing == 0x0) || (SIZEOF (.vector_4) <= (_vector_spacing << 0x5))), function at exception vector 4 too large)

.vector_5       0x000000009fc012a0        0x8
 *(.vector_5)
 .vector_5      0x000000009fc012a0        0x8 /opt/microchip/xc32/v4.30/bin/bin/../../lib/gcc/pic32mx/8.3.1/../../../../pic32mx/lib/libpic32.a(vector5.o)
                0x000000009fc012a0                __vector_dispatch_5
                0x0000000000000001                ASSERT (((_vector_spacing == 0x0) || (SIZEOF (.vector_5) <= (_vector_spacing << 0x5))), function at exception vector 5 too large)

.vector_6       0x000000009fc012c0        0x8
 *(.vector_6)
 .vector_6      0x000000009fc012c0        0x8 /opt/microchip/xc32/v4.30/bin/bin/../../lib/gcc/pic32mx/8.3.1/../../../../pic32mx/lib/libpic32.a(vector6.o)
                0x000000009fc012c0                __vector_dispatch_6
                0x0000000000000001                ASSERT (((_vector_spacing == 0x0) || (SIZEOF (.vector_6) <= (_vector_spacing << 0x5))), function at exception vector 6 too large)

.vector_7       0x000000009fc012e0        0x8
 *(.vector_7)
 .vector_7      0x000000009fc012e0        0x8 /opt/microchip/xc32/v4.30/bin/bin/../../lib/gcc/pic32mx/8.3.1/../../../../pic32mx/lib/libpic32.a(vector7.o)
                0x000000009fc012e0                __vector_dispatch_7
                0x0000000000000001                ASSERT (((_vector_spacing == 0x0) || (SIZEOF (.vector_7) <= (_vector_spacing << 0x5))), function at exception vector 7 too large)

.vector_8       0x000000009fc01300        0x8
 *(.vector_8)
 .vector_8      0x000000009fc01300        0x8 /opt/microchip/xc32/v4.30/bin/bin/../../lib/gcc/pic32mx/8.3.1/../../../../pic32mx/lib/libpic32.a(vector8.o)
                0x000000009fc01300                __vector_dispatch_8
                0x0000000000000001                ASSERT (((_vector_spacing == 0x0) || (SIZEOF (.vector_8) <= (_vector_spacing << 0x5))), function at exception vector 8 too large)

.vector_9       0x000000009fc01320        0x8
 *(.vector_9)
 .vector_9      0x000000009fc01320        0x8 /opt/microchip/xc32/v4.30/bin/bin/../../lib/gcc/pic32mx/8.3.1/../../../../pic32mx/lib/libpic32.a(vector9.o)
                0x000000009fc01320                __vector_dispatch_9
                0x0000000000000001                ASSERT (((_vector_spacing == 0x0) || (SIZEOF (.vector_9) <= (_vector_spacing << 0x5))), function at exception vector 9 too large)

.vector_10      0x000000009fc01340        0x8
 *(.vector_10)
 .vector_10     0x000000009fc01340        0x8 /opt/microchip/xc32/v4.30/bin/bin/../../lib/gcc/pic32mx/8.3.1/../../../../pic32mx/lib/libpic32.a(vector10.o)
                0x000000009fc01340                __vector_dispatch_10
                0x0000000000000001                ASSERT (((_vector_spacing == 0x0) || (SIZEOF (.vector_10) <= (_vector_spacing << 0x5))), function at exception vector 10 too large)

.vector_11      0x000000009fc01360        0x8
 *(.vector_11)
 .vector_11     0x000000009fc01360        0x8 /opt/microchip/xc32/v4.30/bin/bin/../../lib/gcc/pic32mx/8.3.1/../../../../pic32mx/lib/libpic32.a(vector11.o)
                0x000000009fc01360                __vector_dispatch_11
                0x0000000000000001                ASSERT (((_vector_spacing == 0x0) || (SIZEOF (.vector_11) <= (_vector_spacing << 0x5))), function at exception vector 11 too large)

.vector_12      0x000000009fc01380        0x8
 *(.vector_12)
 .vector_12     0x000000009fc01380        0x8 /opt/microchip/xc32/v4.30/bin/bin/../../lib/gcc/pic32mx/8.3.1/../../../../pic32mx/lib/libpic32.a(vector12.o)
                0x000000009fc01380                __vector_dispatch_12
                0x0000000000000001                ASSERT (((_vector_spacing == 0x0) || (SIZEOF (.vector_12) <= (_vector_spacing << 0x5))), function at exception vector 12 too large)

.vector_13      0x000000009fc013a0        0x8
 *(.vector_13)
 .vector_13     0x000000009fc013a0        0x8 /opt/microchip/xc32/v4.30/bin/bin/../../lib/gcc/pic32mx/8.3.1/../../../../pic32mx/lib/libpic32.a(vector13.o)
                0x000000009fc013a0                __vector_dispatch_13
                0x0000000000000001                ASSERT (((_vector_spacing == 0x0) || (SIZEOF (.vector_13) <= (_vector_spacing << 0x5))), function at exception vector 13 too large)

.vector_14      0x000000009fc013c0        0x8
 *(.vector_14)
 .vector_14     0x000000009fc013c0        0x8 /opt/microchip/xc32/v4.30/bin/bin/../../lib/gcc/pic32mx/8.3.1/../../../../pic32mx/lib/libpic32.a(vector14.o)
                0x000000009fc013c0                __vector_dispatch_14
                0x0000000000000001                ASSERT (((_vector_spacing == 0x0) || (SIZEOF (.vector_14) <= (_vector_spacing << 0x5))), function at exception vector 14 too large)

.vector_15      0x000000009fc013e0        0x8
 *(.vector_15)
 .vector_15     0x000000009fc013e0        0x8 /opt/microchip/xc32/v4.30/bin/bin/../../lib/gcc/pic32mx/8.3.1/../../../../pic32mx/lib/libpic32.a(vector15.o)
                0x000000009fc013e0                __vector_dispatch_15
                0x0000000000000001                ASSERT (((_vector_spacing == 0x0) || (SIZEOF (.vector_15) <= (_vector_spacing << 0x5))), function at exception vector 15 too large)

.vector_16      0x000000009fc01400        0x8
 *(.vector_16)
 .vector_16     0x000000009fc01400        0x8 /opt/microchip/xc32/v4.30/bin/bin/../../lib/gcc/pic32mx/8.3.1/../../../../pic32mx/lib/libpic32.a(vector16.o)
                0x000000009fc01400                __vector_dispatch_16
                0x0000000000000001                ASSERT (((_vector_spacing == 0x0) || (SIZEOF (.vector_16) <= (_vector_spacing << 0x5))), function at exception vector 16 too large)

.vector_17      0x000000009fc01420        0x8
 *(.vector_17)
 .vector_17     0x000000009fc01420        0x8 /opt/microchip/xc32/v4.30/bin/bin/../../lib/gcc/pic32mx/8.3.1/../../../../pic32mx/lib/libpic32.a(vector17.o)
                0x000000009fc01420                __vector_dispatch_17
                0x0000000000000001                ASSERT (((_vector_spacing == 0x0) || (SIZEOF (.vector_17) <= (_vector_spacing << 0x5))), function at exception vector 17 too large)

.vector_18      0x000000009fc01440        0x8
 *(.vector_18)
 .vector_18     0x000000009fc01440        0x8 /opt/microchip/xc32/v4.30/bin/bin/../../lib/gcc/pic32mx/8.3.1/../../../../pic32mx/lib/libpic32.a(vector18.o)
                0x000000009fc01440                __vector_dispatch_18
                0x0000000000000001                ASSERT (((_vector_spacing == 0x0) || (SIZEOF (.vector_18) <= (_vector_spacing << 0x5))), function at exception vector 18 too large)

.vector_19      0x000000009fc01460        0x8
 *(.vector_19)
 .vector_19     0x000000009fc01460        0x8 /opt/microchip/xc32/v4.30/bin/bin/../../lib/gcc/pic32mx/8.3.1/../../../../pic32mx/lib/libpic32.a(vector19.o)
                0x000000009fc01460                __vector_dispatch_19
                0x0000000000000001                ASSERT (((_vector_spacing == 0x0) || (SIZEOF (.vector_19) <= (_vector_spacing << 0x5))), function at exception vector 19 too large)

.vector_20      0x000000009fc01480        0x8
 *(.vector_20)
 .vector_20     0x000000009fc01480        0x8 /opt/microchip/xc32/v4.30/bin/bin/../../lib/gcc/pic32mx/8.3.1/../../../../pic32mx/lib/libpic32.a(vector20.o)
                0x000000009fc01480                __vector_dispatch_20
                0x0000000000000001                ASSERT (((_vector_spacing == 0x0) || (SIZEOF (.vector_20) <= (_vector_spacing << 0x5))), function at exception vector 20 too large)

.vector_21      0x000000009fc014a0        0x8
 *(.vector_21)
 .vector_21     0x000000009fc014a0        0x8 /opt/microchip/xc32/v4.30/bin/bin/../../lib/gcc/pic32mx/8.3.1/../../../../pic32mx/lib/libpic32.a(vector21.o)
                0x000000009fc014a0                __vector_dispatch_21
                0x0000000000000001                ASSERT (((_vector_spacing == 0x0) || (SIZEOF (.vector_21) <= (_vector_spacing << 0x5))), function at exception vector 21 too large)

.vector_22      0x000000009fc014c0        0x8
 *(.vector_22)
 .vector_22     0x000000009fc014c0        0x8 /opt/microchip/xc32/v4.30/bin/bin/../../lib/gcc/pic32mx/8.3.1/../../../../pic32mx/lib/libpic32.a(vector22.o)
                0x000000009fc014c0                __vector_dispatch_22
                0x0000000000000001                ASSERT (((_vector_spacing == 0x0) || (SIZEOF (.vector_22) <= (_vector_spacing << 0x5))), function at exception vector 22 too large)

.vector_23      0x000000009fc014e0        0x8
 *(.vector_23)
 .vector_23     0x000000009fc014e0        0x8 /opt/microchip/xc32/v4.30/bin/bin/../../lib/gcc/pic32mx/8.3.1/../../../../pic32mx/lib/libpic32.a(vector23.o)
                0x000000009fc014e0                __vector_dispatch_23
                0x0000000000000001                ASSERT (((_vector_spacing == 0x0) || (SIZEOF (.vector_23) <= (_vector_spacing << 0x5))), function at exception vector 23 too large)

.vector_24      0x000000009fc01500        0x8
 *(.vector_24)
 .vector_24     0x000000009fc01500        0x8 /opt/microchip/xc32/v4.30/bin/bin/../../lib/gcc/pic32mx/8.3.1/../../../../pic32mx/lib/libpic32.a(vector24.o)
                0x000000009fc01500                __vector_dispatch_24
                0x0000000000000001                ASSERT (((_vector_spacing == 0x0) || (SIZEOF (.vector_24) <= (_vector_spacing << 0x5))), function at exception vector 24 too large)

.vector_25      0x000000009fc01520        0x8
 *(.vector_25)
 .vector_25     0x000000009fc01520        0x8 /opt/microchip/xc32/v4.30/bin/bin/../../lib/gcc/pic32mx/8.3.1/../../../../pic32mx/lib/libpic32.a(vector25.o)
                0x000000009fc01520                __vector_dispatch_25
                0x0000000000000001                ASSERT (((_vector_spacing == 0x0) || (SIZEOF (.vector_25) <= (_vector_spacing << 0x5))), function at exception vector 25 too large)

.vector_26      0x000000009fc01540        0x8
 *(.vector_26)
 .vector_26     0x000000009fc01540        0x8 /opt/microchip/xc32/v4.30/bin/bin/../../lib/gcc/pic32mx/8.3.1/../../../../pic32mx/lib/libpic32.a(vector26.o)
                0x000000009fc01540                __vector_dispatch_26
                0x0000000000000001                ASSERT (((_vector_spacing == 0x0) || (SIZEOF (.vector_26) <= (_vector_spacing << 0x5))), function at exception vector 26 too large)

.vector_27      0x000000009fc01560        0x8
 *(.vector_27)
 .vector_27     0x000000009fc01560        0x8 /opt/microchip/xc32/v4.30/bin/bin/../../lib/gcc/pic32mx/8.3.1/../../../../pic32mx/lib/libpic32.a(vector27.o)
                0x000000009fc01560                __vector_dispatch_27
                0x0000000000000001                ASSERT (((_vector_spacing == 0x0) || (SIZEOF (.vector_27) <= (_vector_spacing << 0x5))), function at exception vector 27 too large)

.vector_28      0x000000009fc01580        0x8
 *(.vector_28)
 .vector_28     0x000000009fc01580        0x8 /opt/microchip/xc32/v4.30/bin/bin/../../lib/gcc/pic32mx/8.3.1/../../../../pic32mx/lib/libpic32.a(vector28.o)
                0x000000009fc01580                __vector_dispatch_28
                0x0000000000000001                ASSERT (((_vector_spacing == 0x0) || (SIZEOF (.vector_28) <= (_vector_spacing << 0x5))), function at exception vector 28 too large)

.vector_29      0x000000009fc015a0        0x8
 *(.vector_29)
 .vector_29     0x000000009fc015a0        0x8 /opt/microchip/xc32/v4.30/bin/bin/../../lib/gcc/pic32mx/8.3.1/../../../../pic32mx/lib/libpic32.a(vector29.o)
                0x000000009fc015a0                __vector_dispatch_29
                0x0000000000000001                ASSERT (((_vector_spacing == 0x0) || (SIZEOF (.vector_29) <= (_vector_spacing << 0x5))), function at exception vector 29 too large)

.vector_30      0x000000009fc015c0        0x8
 *(.vector_30)
 .vector_30     0x000000009fc015c0        0x8 /opt/microchip/xc32/v4.30/bin/bin/../../lib/gcc/pic32mx/8.3.1/../../../../pic32mx/lib/libpic32.a(vector30.o)
                0x000000009fc015c0                __vector_dispatch_30
                0x0000000000000001                ASSERT (((_vector_spacing == 0x0) || (SIZEOF (.vector_30) <= (_vector_spacing << 0x5))), function at exception vector 30 too large)

.vector_31      0x000000009fc015e0        0x8
 *(.vector_31)
 .vector_31     0x000000009fc015e0        0x8 /opt/microchip/xc32/v4.30/bin/bin/../../lib/gcc/pic32mx/8.3.1/../../../../pic32mx/lib/libpic32.a(vector31.o)
                0x000000009fc015e0                __vector_dispatch_31
                0x0000000000000001                ASSERT (((_vector_spacing == 0x0) || (SIZEOF (.vector_31) <= (_vector_spacing << 0x5))), function at exception vector 31 too large)

.vector_32      0x000000009fc01600        0x8
 *(.vector_32)
 .vector_32     0x000000009fc01600        0x8 /opt/microchip/xc32/v4.30/bin/bin/../../lib/gcc/pic32mx/8.3.1/../../../../pic32mx/lib/libpic32.a(vector32.o)
                0x000000009fc01600                __vector_dispatch_32
                0x0000000000000001                ASSERT (((_vector_spacing == 0x0) || (SIZEOF (.vector_32) <= (_vector_spacing << 0x5))), function at exception vector 32 too large)

.vector_33      0x000000009fc01620        0x8
 *(.vector_33)
 .vector_33     0x000000009fc01620        0x8 /opt/microchip/xc32/v4.30/bin/bin/../../lib/gcc/pic32mx/8.3.1/../../../../pic32mx/lib/libpic32.a(vector33.o)
                0x000000009fc01620                __vector_dispatch_33
                0x0000000000000001                ASSERT (((_vector_spacing == 0x0) || (SIZEOF (.vector_33) <= (_vector_spacing << 0x5))), function at exception vector 33 too large)

.vector_34      0x000000009fc01640        0x8
 *(.vector_34)
 .vector_34     0x000000009fc01640        0x8 /opt/microchip/xc32/v4.30/bin/bin/../../lib/gcc/pic32mx/8.3.1/../../../../pic32mx/lib/libpic32.a(vector34.o)
                0x000000009fc01640                __vector_dispatch_34
                0x0000000000000001                ASSERT (((_vector_spacing == 0x0) || (SIZEOF (.vector_34) <= (_vector_spacing << 0x5))), function at exception vector 34 too large)

.vector_35      0x000000009fc01660        0x8
 *(.vector_35)
 .vector_35     0x000000009fc01660        0x8 /opt/microchip/xc32/v4.30/bin/bin/../../lib/gcc/pic32mx/8.3.1/../../../../pic32mx/lib/libpic32.a(vector35.o)
                0x000000009fc01660                __vector_dispatch_35
                0x0000000000000001                ASSERT (((_vector_spacing == 0x0) || (SIZEOF (.vector_35) <= (_vector_spacing << 0x5))), function at exception vector 35 too large)

.vector_36      0x000000009fc01680        0x8
 *(.vector_36)
 .vector_36     0x000000009fc01680        0x8 /opt/microchip/xc32/v4.30/bin/bin/../../lib/gcc/pic32mx/8.3.1/../../../../pic32mx/lib/libpic32.a(vector36.o)
                0x000000009fc01680                __vector_dispatch_36
                0x0000000000000001                ASSERT (((_vector_spacing == 0x0) || (SIZEOF (.vector_36) <= (_vector_spacing << 0x5))), function at exception vector 36 too large)

.vector_37      0x000000009fc016a0        0x8
 *(.vector_37)
 .vector_37     0x000000009fc016a0        0x8 /opt/microchip/xc32/v4.30/bin/bin/../../lib/gcc/pic32mx/8.3.1/../../../../pic32mx/lib/libpic32.a(vector37.o)
                0x000000009fc016a0                __vector_dispatch_37
                0x0000000000000001                ASSERT (((_vector_spacing == 0x0) || (SIZEOF (.vector_37) <= (_vector_spacing << 0x5))), function at exception vector 37 too large)

.vector_38      0x000000009fc016c0        0x8
 *(.vector_38)
 .vector_38     0x000000009fc016c0        0x8 /opt/microchip/xc32/v4.30/bin/bin/../../lib/gcc/pic32mx/8.3.1/../../../../pic32mx/lib/libpic32.a(vector38.o)
                0x000000009fc016c0                __vector_dispatch_38
                0x0000000000000001                ASSERT (((_vector_spacing == 0x0) || (SIZEOF (.vector_38) <= (_vector_spacing << 0x5))), function at exception vector 38 too large)

.vector_39      0x000000009fc016e0        0x8
 *(.vector_39)
 .vector_39     0x000000009fc016e0        0x8 /opt/microchip/xc32/v4.30/bin/bin/../../lib/gcc/pic32mx/8.3.1/../../../../pic32mx/lib/libpic32.a(vector39.o)
                0x000000009fc016e0                __vector_dispatch_39
                0x0000000000000001                ASSERT (((_vector_spacing == 0x0) || (SIZEOF (.vector_39) <= (_vector_spacing << 0x5))), function at exception vector 39 too large)

.vector_40      0x000000009fc01700        0x8
 *(.vector_40)
 .vector_40     0x000000009fc01700        0x8 /opt/microchip/xc32/v4.30/bin/bin/../../lib/gcc/pic32mx/8.3.1/../../../../pic32mx/lib/libpic32.a(vector40.o)
                0x000000009fc01700                __vector_dispatch_40
                0x0000000000000001                ASSERT (((_vector_spacing == 0x0) || (SIZEOF (.vector_40) <= (_vector_spacing << 0x5))), function at exception vector 40 too large)

.vector_41      0x000000009fc01720        0x8
 *(.vector_41)
 .vector_41     0x000000009fc01720        0x8 /opt/microchip/xc32/v4.30/bin/bin/../../lib/gcc/pic32mx/8.3.1/../../../../pic32mx/lib/libpic32.a(vector41.o)
                0x000000009fc01720                __vector_dispatch_41
                0x0000000000000001                ASSERT (((_vector_spacing == 0x0) || (SIZEOF (.vector_41) <= (_vector_spacing << 0x5))), function at exception vector 41 too large)

.vector_42      0x000000009fc01740        0x8
 *(.vector_42)
 .vector_42     0x000000009fc01740        0x8 /opt/microchip/xc32/v4.30/bin/bin/../../lib/gcc/pic32mx/8.3.1/../../../../pic32mx/lib/libpic32.a(vector42.o)
                0x000000009fc01740                __vector_dispatch_42
                0x0000000000000001                ASSERT (((_vector_spacing == 0x0) || (SIZEOF (.vector_42) <= (_vector_spacing << 0x5))), function at exception vector 42 too large)

.vector_43      0x000000009fc01760        0x8
 *(.vector_43)
 .vector_43     0x000000009fc01760        0x8 /opt/microchip/xc32/v4.30/bin/bin/../../lib/gcc/pic32mx/8.3.1/../../../../pic32mx/lib/libpic32.a(vector43.o)
                0x000000009fc01760                __vector_dispatch_43
                0x0000000000000001                ASSERT (((_vector_spacing == 0x0) || (SIZEOF (.vector_43) <= (_vector_spacing << 0x5))), function at exception vector 43 too large)

.vector_44      0x000000009fc01780        0x8
 *(.vector_44)
 .vector_44     0x000000009fc01780        0x8 /opt/microchip/xc32/v4.30/bin/bin/../../lib/gcc/pic32mx/8.3.1/../../../../pic32mx/lib/libpic32.a(vector44.o)
                0x000000009fc01780                __vector_dispatch_44
                0x0000000000000001                ASSERT (((_vector_spacing == 0x0) || (SIZEOF (.vector_44) <= (_vector_spacing << 0x5))), function at exception vector 44 too large)

.vector_45      0x000000009fc017a0        0x8
 *(.vector_45)
 .vector_45     0x000000009fc017a0        0x8 /opt/microchip/xc32/v4.30/bin/bin/../../lib/gcc/pic32mx/8.3.1/../../../../pic32mx/lib/libpic32.a(vector45.o)
                0x000000009fc017a0                __vector_dispatch_45
                0x0000000000000001                ASSERT (((_vector_spacing == 0x0) || (SIZEOF (.vector_45) <= (_vector_spacing << 0x5))), function at exception vector 45 too large)

.vector_46      0x000000009fc017c0        0x0
 *(.vector_46)
                0x0000000000000001                ASSERT (((_vector_spacing == 0x0) || (SIZEOF (.vector_46) <= (_vector_spacing << 0x5))), function at exception vector 46 too large)

.vector_47      0x000000009fc017e0        0x0
 *(.vector_47)
                0x0000000000000001                ASSERT (((_vector_spacing == 0x0) || (SIZEOF (.vector_47) <= (_vector_spacing << 0x5))), function at exception vector 47 too large)

.vector_48      0x000000009fc01800        0x0
 *(.vector_48)
                0x0000000000000001                ASSERT (((_vector_spacing == 0x0) || (SIZEOF (.vector_48) <= (_vector_spacing << 0x5))), function at exception vector 48 too large)

.vector_49      0x000000009fc01820        0x0
 *(.vector_49)
                0x0000000000000001                ASSERT (((_vector_spacing == 0x0) || (SIZEOF (.vector_49) <= (_vector_spacing << 0x5))), function at exception vector 49 too large)

.vector_50      0x000000009fc01840        0x0
 *(.vector_50)
                0x0000000000000001                ASSERT (((_vector_spacing == 0x0) || (SIZEOF (.vector_50) <= (_vector_spacing << 0x5))), function at exception vector 50 too large)

.vector_51      0x000000009fc01860        0x0
 *(.vector_51)
                0x0000000000000001                ASSERT (((_vector_spacing == 0x0) || (SIZEOF (.vector_51) <= (_vector_spacing << 0x5))), function at exception vector 51 too large)

.vector_52      0x000000009fc01880        0x0
 *(.vector_52)
                0x0000000000000001                ASSERT (((_vector_spacing == 0x0) || (SIZEOF (.vector_52) <= (_vector_spacing << 0x5))), function at exception vector 52 too large)

.vector_53      0x000000009fc018a0        0x0
 *(.vector_53)
                0x0000000000000001                ASSERT (((_vector_spacing == 0x0) || (SIZEOF (.vector_53) <= (_vector_spacing << 0x5))), function at exception vector 53 too large)

.vector_54      0x000000009fc018c0        0x0
 *(.vector_54)
                0x0000000000000001                ASSERT (((_vector_spacing == 0x0) || (SIZEOF (.vector_54) <= (_vector_spacing << 0x5))), function at exception vector 54 too large)

.vector_55      0x000000009fc018e0        0x0
 *(.vector_55)
                0x0000000000000001                ASSERT (((_vector_spacing == 0x0) || (SIZEOF (.vector_55) <= (_vector_spacing << 0x5))), function at exception vector 55 too large)

.vector_56      0x000000009fc01900        0x0
 *(.vector_56)
                0x0000000000000001                ASSERT (((_vector_spacing == 0x0) || (SIZEOF (.vector_56) <= (_vector_spacing << 0x5))), function at exception vector 56 too large)

.vector_57      0x000000009fc01920        0x0
 *(.vector_57)
                0x0000000000000001                ASSERT (((_vector_spacing == 0x0) || (SIZEOF (.vector_57) <= (_vector_spacing << 0x5))), function at exception vector 57 too large)

.vector_58      0x000000009fc01940        0x0
 *(.vector_58)
                0x0000000000000001                ASSERT (((_vector_spacing == 0x0) || (SIZEOF (.vector_58) <= (_vector_spacing << 0x5))), function at exception vector 58 too large)

.vector_59      0x000000009fc01960        0x0
 *(.vector_59)
                0x0000000000000001                ASSERT (((_vector_spacing == 0x0) || (SIZEOF (.vector_59) <= (_vector_spacing << 0x5))), function at exception vector 59 too large)

.vector_60      0x000000009fc01980        0x0
 *(.vector_60)
                0x0000000000000001                ASSERT (((_vector_spacing == 0x0) || (SIZEOF (.vector_60) <= (_vector_spacing << 0x5))), function at exception vector 60 too large)

.vector_61      0x000000009fc019a0        0x0
 *(.vector_61)
                0x0000000000000001                ASSERT (((_vector_spacing == 0x0) || (SIZEOF (.vector_61) <= (_vector_spacing << 0x5))), function at exception vector 61 too large)

.vector_62      0x000000009fc019c0        0x0
 *(.vector_62)
                0x0000000000000001                ASSERT (((_vector_spacing == 0x0) || (SIZEOF (.vector_62) <= (_vector_spacing << 0x5))), function at exception vector 62 too large)

.vector_63      0x000000009fc019e0        0x0
 *(.vector_63)
                0x0000000000000001                ASSERT (((_vector_spacing == 0x0) || (SIZEOF (.vector_63) <= (_vector_spacing << 0x5))), function at exception vector 63 too large)

.startup
 *(.startup)

.text           0x000000009d000000        0x0
 *(.stub .gnu.linkonce.t.*)
 *(.text.*personality*)
 *(.mips16.fn.*)
 *(.mips16.call.*)
 *(.gnu.warning)
                0x000000009d000000                . = ALIGN (0x4)

.init           0x000000009d000000        0x0
 *crti.o(.init)
 *crtbegin.o(.init)
 *(EXCLUDE_FILE(*crtn.o *crtend?.o *crtend.o) .init)
 *crtend.o(.init)
 *crtn.o(.init)
                0x000000009d000000                . = ALIGN (0x4)

.fini           0x000000009d000000        0x0
 *(.fini)
                0x000000009d000000                . = ALIGN (0x4)

.preinit_array  0x000000009d000000        0x0
                [!provide]                        PROVIDE (__preinit_array_start = .)
 *(.preinit_array)
                [!provide]                        PROVIDE (__preinit_array_end = .)
                0x000000009d000000                . = ALIGN (0x4)

.init_array     0x000000009d000000        0x0
                [!provide]                        PROVIDE (__init_array_start = .)
 *(SORT_BY_NAME(.init_array.*))
 *(.init_array)
                [!provide]                        PROVIDE (__init_array_end = .)
                0x000000009d000000                . = ALIGN (0x4)

.fini_array     0x000000009d000000        0x0
                [!provide]                        PROVIDE (__fini_array_start = .)
 *(SORT_BY_NAME(.fini_array.*))
 *(.fini_array)
                [!provide]                        PROVIDE (__fini_array_end = .)
                0x000000009d000000                . = ALIGN (0x4)

.ctors          0x000000009d000000        0x0
 *crtbegin.o(.ctors)
 *crtbegin?.o(.ctors)
 *(EXCLUDE_FILE(*crtend?.o *crtend.o) .ctors)
 *(SORT_BY_NAME(.ctors.*))
 *(.ctors)
                0x000000009d000000                . = ALIGN (0x4)

.dtors          0x000000009d000000        0x0
 *crtbegin.o(.dtors)
 *crtbegin?.o(.dtors)
 *(EXCLUDE_FILE(*crtend?.o *crtend.o) .dtors)
 *(SORT_BY_NAME(.dtors.*))
 *(.dtors)
                0x000000009d000000                . = ALIGN (0x4)

.rodata         0x000000009d000000        0x0
 *(.gnu.linkonce.r.*)
 *(.rodata1)
                0x000000009d000000                . = ALIGN (0x4)

.sdata2         0x000000009d000000        0x0
 *(.sdata2 .sdata2.* .gnu.linkonce.s2.*)
                0x000000009d000000                . = ALIGN (0x4)

.sbss2          0x000000009d000000        0x0
 *(.sbss2 .sbss2.* .gnu.linkonce.sb2.*)
                0x000000009d000000                . = ALIGN (0x4)

.eh_frame_hdr
 *(.eh_frame_hdr)
                0x000000009d000000                . = ALIGN (0x4)

.eh_frame
 *(.eh_frame)
                0x000000009d000000                . = ALIGN (0x4)

.gcc_except_table
 *(.gcc_except_table .gcc_except_table.*)
                0x000000009d000000                . = ALIGN (0x4)

.dbg_data       0x00000000a0000000        0x0
                0x00000000a0000000                . = (. + DEFINED (_DEBUGGER)?0x200:0x0)

.jcr            0x00000000a0000000        0x0
 *(.jcr)
                0x00000000a0000000                . = ALIGN (0x4)

.eh_frame
 *(.eh_frame)
                0x00000000a0000000                . = ALIGN (0x4)

.gcc_except_table
 *(.gcc_except_table .gcc_except_table.*)
                0x00000000a0000000                . = ALIGN (0x4)

.persist        0x00000000a0000000        0x0
                0x00000000a0000000                _persist_begin = .
 *(.persist .persist.*)
                0x00000000a0000000                . = ALIGN (0x4)
                0x00000000a0000000                _persist_end = .

.data           0x00000000a0000000        0x0
 *(.gnu.linkonce.d.*)
 *(.data1)
                0x00000000a0000000                . = ALIGN (0x4)
                0x00000000a0000000                . = .
                0x00000000a0007ff0                _gp = (ALIGN (0x10) + 0x7ff0)

.got            0x00000000a0000000        0x0
 *(.got.plt)
 *(.got)
                0x00000000a0000000                . = ALIGN (0x4)

.sdata          0x00000000a0000000        0x4
                0x00000000a0000000                _sdata_begin = .
 *(.sdata .sdata.* .gnu.linkonce.s.*)
 .sdata         0x00000000a0000000        0x4 build/pic32mx470_curiosity/production/_ext/951553248/port.o
                0x00000000a0000000                uxInterruptNesting
                0x00000000a0000004                . = ALIGN (0x4)
                0x00000000a0000004                _sdata_end = .

.lit8
 *(.lit8)

.lit4
 *(.lit4)
                0x00000000a0000004                . = ALIGN (0x4)
                0x00000000a0000004                _data_end = .
                0x00000000a0000004                _bss_begin = .

.sbss           0x00000000a0000004       0x58
                0x00000000a0000004                _sbss_begin = .
 *(.dynsbss)
 *(.sbss .sbss.* .gnu.linkonce.sb.*)
 .sbss          0x00000000a0000004        0x8 build/pic32mx470_curiosity/production/_ext/1130503790/tasks.o
                0x00000000a0000004                xAPP1_Tasks
                0x00000000a0000008                xAPP_Tasks
 .sbss          0x00000000a000000c        0x8 build/pic32mx470_curiosity/production/_ext/1665200909/heap_1.o
 .sbss          0x00000000a0000014        0x4 build/pic32mx470_curiosity/production/_ext/951553248/port.o
                0x00000000a0000014                uxSavedTaskStackPointer
 .sbss          0x00000000a0000018       0x3c build/pic32mx470_curiosity/production/_ext/404212886/FreeRTOS_tasks.o
                0x00000000a0000050                pxCurrentTCB
 .sbss          0x00000000a0000054        0x4 build/pic32mx470_curiosity/production/_ext/1360937237/app.o
                0x00000000a0000054                appData
 .sbss          0x00000000a0000058        0x4 build/pic32mx470_curiosity/production/_ext/1360937237/app1.o
                0x00000000a0000058                app1Data
 *(.scommon)
                0x00000000a000005c                _sbss_end = .
                0x00000000a000005c                . = ALIGN (0x4)

.bss            0x00000000a000005c        0x0
 *(.dynbss)
 *(COMMON)
                0x00000000a000005c                . = ALIGN ((. != 0x0)?0x4:0x1)
                0x00000000a000005c                . = ALIGN (0x4)
                0x00000000a000005c                _end = .
                0x00000000a000005c                _bss_end = .
                0x0000000000020000                _bmxdudba_address = LENGTH (kseg1_data_mem)
                0x0000000000020000                _bmxdupba_address = LENGTH (kseg1_data_mem)

/DISCARD/
 *(.pdr)
 *(.rel.dyn)
 *(.note.GNU-stack)
 *(.note.GNU-stack)
 *(.gnu_debuglink)
 *(.gnu.lto_*)
 *(.discard)

.gptab.sdata
 *(.gptab.data)
 *(.gptab.sdata)

.gptab.sbss
 *(.gptab.bss)
 *(.gptab.sbss)

.mdebug.abi32   0x0000000000000000        0x0
 *(.mdebug.abi32)
 .mdebug.abi32  0x0000000000000000        0x0 build/pic32mx470_curiosity/production/_ext/1866994462/bsp.o
 .mdebug.abi32  0x0000000000000000        0x0 build/pic32mx470_curiosity/production/_ext/2042640400/osal_freertos.o
 .mdebug.abi32  0x0000000000000000        0x0 build/pic32mx470_curiosity/production/_ext/1949220912/plib_clk.o
 .mdebug.abi32  0x0000000000000000        0x0 build/pic32mx470_curiosity/production/_ext/296236899/plib_evic.o
 .mdebug.abi32  0x0000000000000000        0x0 build/pic32mx470_curiosity/production/_ext/296183071/plib_gpio.o
 .mdebug.abi32  0x0000000000000000        0x0 build/pic32mx470_curiosity/production/_ext/1098930264/xc32_monitor.o
 .mdebug.abi32  0x0000000000000000        0x0 build/pic32mx470_curiosity/production/_ext/1130503790/initialization.o
 .mdebug.abi32  0x0000000000000000        0x0 build/pic32mx470_curiosity/production/_ext/1130503790/interrupts.o
 .mdebug.abi32  0x0000000000000000        0x0 build/pic32mx470_curiosity/production/_ext/1130503790/exceptions.o
 .mdebug.abi32  0x0000000000000000        0x0 build/pic32mx470_curiosity/production/_ext/1130503790/freertos_hooks.o
 .mdebug.abi32  0x0000000000000000        0x0 build/pic32mx470_curiosity/production/_ext/1130503790/tasks.o
 .mdebug.abi32  0x0000000000000000        0x0 build/pic32mx470_curiosity/production/_ext/1665200909/heap_1.o
 .mdebug.abi32  0x0000000000000000        0x0 build/pic32mx470_curiosity/production/_ext/951553248/port.o
 .mdebug.abi32  0x0000000000000000        0x0 build/pic32mx470_curiosity/production/_ext/404212886/croutine.o
 .mdebug.abi32  0x0000000000000000        0x0 build/pic32mx470_curiosity/production/_ext/404212886/list.o
 .mdebug.abi32  0x0000000000000000        0x0 build/pic32mx470_curiosity/production/_ext/404212886/queue.o
 .mdebug.abi32  0x0000000000000000        0x0 build/pic32mx470_curiosity/production/_ext/404212886/FreeRTOS_tasks.o
 .mdebug.abi32  0x0000000000000000        0x0 build/pic32mx470_curiosity/production/_ext/404212886/timers.o
 .mdebug.abi32  0x0000000000000000        0x0 build/pic32mx470_curiosity/production/_ext/404212886/event_groups.o
 .mdebug.abi32  0x0000000000000000        0x0 build/pic32mx470_curiosity/production/_ext/404212886/stream_buffer.o
 .mdebug.abi32  0x0000000000000000        0x0 build/pic32mx470_curiosity/production/_ext/1360937237/main.o
 .mdebug.abi32  0x0000000000000000        0x0 build/pic32mx470_curiosity/production/_ext/1360937237/app.o
 .mdebug.abi32  0x0000000000000000        0x0 build/pic32mx470_curiosity/production/_ext/1360937237/app1.o
 .mdebug.abi32  0x0000000000000000        0x0 /opt/microchip/xc32/v4.30/bin/bin/../../lib/gcc/pic32mx/8.3.1/../../../../pic32mx/lib/libpic32.a(default-on-reset.o)
 .mdebug.abi32  0x0000000000000000        0x0 /opt/microchip/xc32/v4.30/bin/bin/../../lib/gcc/pic32mx/8.3.1/../../../../pic32mx/lib/libpic32.a(default-on-bootstrap.o)
 .mdebug.abi32  0x0000000000000000        0x0 /opt/microchip/xc32/v4.30/bin/bin/../../lib/gcc/pic32mx/8.3.1/../../../../pic32mx/lib/libpic32.a(defaultinterrupt.o)

.mdebug.abiN32
 *(.mdebug.abiN32)

.mdebug.abi64
 *(.mdebug.abi64)

.mdebug.abiO64
 *(.mdebug.abiO64)

.mdebug.eabi32
 *(.mdebug.eabi32)

.mdebug.eabi64
 *(.mdebug.eabi64)

.gcc_compiled_long32
 *(.gcc_compiled_long32)

.gcc_compiled_long64
 *(.gcc_compiled_long64)

.stab
 *(.stab)

.stabstr
 *(.stabstr)

.stab.excl
 *(.stab.excl)

.stab.exclstr
 *(.stab.exclstr)

.stab.index
 *(.stab.index)

.stab.indexstr
 *(.stab.indexstr)

.comment        0x0000000000000000       0x43
 *(.comment)
 .comment       0x0000000000000000       0x2b build/pic32mx470_curiosity/production/_ext/1866994462/bsp.o
                                         0x2c (size before relaxing)
 .comment       0x000000000000002b       0x2c build/pic32mx470_curiosity/production/_ext/2042640400/osal_freertos.o
 .comment       0x000000000000002b       0x2c build/pic32mx470_curiosity/production/_ext/1949220912/plib_clk.o
 .comment       0x000000000000002b       0x2c build/pic32mx470_curiosity/production/_ext/296236899/plib_evic.o
 .comment       0x000000000000002b       0x2c build/pic32mx470_curiosity/production/_ext/296183071/plib_gpio.o
 .comment       0x000000000000002b       0x2c build/pic32mx470_curiosity/production/_ext/1098930264/xc32_monitor.o
 .comment       0x000000000000002b       0x2c build/pic32mx470_curiosity/production/_ext/1130503790/initialization.o
 .comment       0x000000000000002b       0x2c build/pic32mx470_curiosity/production/_ext/1130503790/interrupts.o
 .comment       0x000000000000002b       0x2c build/pic32mx470_curiosity/production/_ext/1130503790/exceptions.o
 .comment       0x000000000000002b       0x2c build/pic32mx470_curiosity/production/_ext/1130503790/freertos_hooks.o
 .comment       0x000000000000002b       0x2c build/pic32mx470_curiosity/production/_ext/1130503790/tasks.o
 .comment       0x000000000000002b       0x2c build/pic32mx470_curiosity/production/_ext/1665200909/heap_1.o
 .comment       0x000000000000002b       0x2c build/pic32mx470_curiosity/production/_ext/951553248/port.o
 .comment       0x000000000000002b       0x2c build/pic32mx470_curiosity/production/_ext/404212886/croutine.o
 .comment       0x000000000000002b       0x2c build/pic32mx470_curiosity/production/_ext/404212886/list.o
 .comment       0x000000000000002b       0x2c build/pic32mx470_curiosity/production/_ext/404212886/queue.o
 .comment       0x000000000000002b       0x2c build/pic32mx470_curiosity/production/_ext/404212886/FreeRTOS_tasks.o
 .comment       0x000000000000002b       0x2c build/pic32mx470_curiosity/production/_ext/404212886/timers.o
 .comment       0x000000000000002b       0x2c build/pic32mx470_curiosity/production/_ext/404212886/event_groups.o
 .comment       0x000000000000002b       0x2c build/pic32mx470_curiosity/production/_ext/404212886/stream_buffer.o
 .comment       0x000000000000002b       0x2c build/pic32mx470_curiosity/production/_ext/1360937237/main.o
 .comment       0x000000000000002b       0x2c build/pic32mx470_curiosity/production/_ext/1360937237/app.o
 .comment       0x000000000000002b       0x2c build/pic32mx470_curiosity/production/_ext/1360937237/app1.o
 .comment       0x000000000000002b       0x18 /opt/microchip/xc32/v4.30/bin/bin/../../lib/gcc/pic32mx/8.3.1/../../../../pic32mx/lib/libpic32.a(memset.o)
                                         0x19 (size before relaxing)
 .comment       0x0000000000000043       0x2c /opt/microchip/xc32/v4.30/bin/bin/../../lib/gcc/pic32mx/8.3.1/../../../../pic32mx/lib/libpic32.a(default-on-reset.o)
 .comment       0x0000000000000043       0x2c /opt/microchip/xc32/v4.30/bin/bin/../../lib/gcc/pic32mx/8.3.1/../../../../pic32mx/lib/libpic32.a(default-on-bootstrap.o)
 .comment       0x0000000000000043       0x2c /opt/microchip/xc32/v4.30/bin/bin/../../lib/gcc/pic32mx/8.3.1/../../../../pic32mx/lib/libpic32.a(defaultinterrupt.o)

.debug
 *.elf(.debug)
 *(.debug)

.line
 *.elf(.line)
 *(.line)

.debug_srcinfo
 *.elf(.debug_srcinfo)
 *(.debug_srcinfo)

.debug_sfnames
 *.elf(.debug_sfnames)
 *(.debug_sfnames)

.debug_aranges  0x0000000000000000      0x7e8
 *.elf(.debug_aranges)
 *(.debug_aranges)
 .debug_aranges
                0x0000000000000000       0x20 build/pic32mx470_curiosity/production/_ext/1866994462/bsp.o
 .debug_aranges
                0x0000000000000020       0x90 build/pic32mx470_curiosity/production/_ext/2042640400/osal_freertos.o
 .debug_aranges
                0x00000000000000b0       0x20 build/pic32mx470_curiosity/production/_ext/1949220912/plib_clk.o
 .debug_aranges
                0x00000000000000d0       0x68 build/pic32mx470_curiosity/production/_ext/296236899/plib_evic.o
 .debug_aranges
                0x0000000000000138       0x60 build/pic32mx470_curiosity/production/_ext/296183071/plib_gpio.o
 .debug_aranges
                0x0000000000000198       0x28 build/pic32mx470_curiosity/production/_ext/1098930264/xc32_monitor.o
 .debug_aranges
                0x00000000000001c0       0x20 build/pic32mx470_curiosity/production/_ext/1130503790/initialization.o
 .debug_aranges
                0x00000000000001e0       0x18 build/pic32mx470_curiosity/production/_ext/1130503790/interrupts.o
 .debug_aranges
                0x00000000000001f8       0x28 build/pic32mx470_curiosity/production/_ext/1130503790/exceptions.o
 .debug_aranges
                0x0000000000000220       0x40 build/pic32mx470_curiosity/production/_ext/1130503790/freertos_hooks.o
 .debug_aranges
                0x0000000000000260       0x30 build/pic32mx470_curiosity/production/_ext/1130503790/tasks.o
 .debug_aranges
                0x0000000000000290       0x38 build/pic32mx470_curiosity/production/_ext/1665200909/heap_1.o
 .debug_aranges
                0x00000000000002c8       0x58 build/pic32mx470_curiosity/production/_ext/951553248/port.o
 .debug_aranges
                0x0000000000000320       0x20 build/pic32mx470_curiosity/production/_ext/951553248/port_asm.o
 .debug_aranges
                0x0000000000000340       0x18 build/pic32mx470_curiosity/production/_ext/404212886/croutine.o
 .debug_aranges
                0x0000000000000358       0x40 build/pic32mx470_curiosity/production/_ext/404212886/list.o
 .debug_aranges
                0x0000000000000398       0xc8 build/pic32mx470_curiosity/production/_ext/404212886/queue.o
 .debug_aranges
                0x0000000000000460      0x188 build/pic32mx470_curiosity/production/_ext/404212886/FreeRTOS_tasks.o
 .debug_aranges
                0x00000000000005e8       0x18 build/pic32mx470_curiosity/production/_ext/404212886/timers.o
 .debug_aranges
                0x0000000000000600       0x60 build/pic32mx470_curiosity/production/_ext/404212886/event_groups.o
 .debug_aranges
                0x0000000000000660       0xb8 build/pic32mx470_curiosity/production/_ext/404212886/stream_buffer.o
 .debug_aranges
                0x0000000000000718       0x20 build/pic32mx470_curiosity/production/_ext/1360937237/main.o
 .debug_aranges
                0x0000000000000738       0x28 build/pic32mx470_curiosity/production/_ext/1360937237/app.o
 .debug_aranges
                0x0000000000000760       0x28 build/pic32mx470_curiosity/production/_ext/1360937237/app1.o
 .debug_aranges
                0x0000000000000788       0x20 /opt/microchip/xc32/v4.30/bin/bin/../../lib/gcc/pic32mx/8.3.1/../../../../pic32mx/lib/libpic32.a(default-on-reset.o)
 .debug_aranges
                0x00000000000007a8       0x20 /opt/microchip/xc32/v4.30/bin/bin/../../lib/gcc/pic32mx/8.3.1/../../../../pic32mx/lib/libpic32.a(default-on-bootstrap.o)
 .debug_aranges
                0x00000000000007c8       0x20 /opt/microchip/xc32/v4.30/bin/bin/../../lib/gcc/pic32mx/8.3.1/../../../../pic32mx/lib/libpic32.a(defaultinterrupt.o)

.debug_pubnames
 *.elf(.debug_pubnames)
 *(.debug_pubnames)

.debug_info     0x0000000000000000     0x95d2
 *.elf(.debug_info .gnu.linkonce.wi.*)
 *(.debug_info .gnu.linkonce.wi.*)
 .debug_info    0x0000000000000000       0xc3 build/pic32mx470_curiosity/production/_ext/1866994462/bsp.o
 .debug_info    0x00000000000000c3      0x775 build/pic32mx470_curiosity/production/_ext/2042640400/osal_freertos.o
 .debug_info    0x0000000000000838      0x3e9 build/pic32mx470_curiosity/production/_ext/1949220912/plib_clk.o
 .debug_info    0x0000000000000c21      0x321 build/pic32mx470_curiosity/production/_ext/296236899/plib_evic.o
 .debug_info    0x0000000000000f42      0x352 build/pic32mx470_curiosity/production/_ext/296183071/plib_gpio.o
 .debug_info    0x0000000000001294       0xe7 build/pic32mx470_curiosity/production/_ext/1098930264/xc32_monitor.o
 .debug_info    0x000000000000137b      0x2f2 build/pic32mx470_curiosity/production/_ext/1130503790/initialization.o
 .debug_info    0x000000000000166d       0x79 build/pic32mx470_curiosity/production/_ext/1130503790/interrupts.o
 .debug_info    0x00000000000016e6       0xd6 build/pic32mx470_curiosity/production/_ext/1130503790/exceptions.o
 .debug_info    0x00000000000017bc      0x1f4 build/pic32mx470_curiosity/production/_ext/1130503790/freertos_hooks.o
 .debug_info    0x00000000000019b0      0x238 build/pic32mx470_curiosity/production/_ext/1130503790/tasks.o
 .debug_info    0x0000000000001be8      0x1ff build/pic32mx470_curiosity/production/_ext/1665200909/heap_1.o
 .debug_info    0x0000000000001de7      0xba9 build/pic32mx470_curiosity/production/_ext/951553248/port.o
 .debug_info    0x0000000000002990       0x26 build/pic32mx470_curiosity/production/_ext/951553248/port_asm.o
 .debug_info    0x00000000000029b6       0x79 build/pic32mx470_curiosity/production/_ext/404212886/croutine.o
 .debug_info    0x0000000000002a2f      0x2f8 build/pic32mx470_curiosity/production/_ext/404212886/list.o
 .debug_info    0x0000000000002d27     0x1b6f build/pic32mx470_curiosity/production/_ext/404212886/queue.o
 .debug_info    0x0000000000004896     0x26f4 build/pic32mx470_curiosity/production/_ext/404212886/FreeRTOS_tasks.o
 .debug_info    0x0000000000006f8a       0x79 build/pic32mx470_curiosity/production/_ext/404212886/timers.o
 .debug_info    0x0000000000007003      0xabe build/pic32mx470_curiosity/production/_ext/404212886/event_groups.o
 .debug_info    0x0000000000007ac1     0x1564 build/pic32mx470_curiosity/production/_ext/404212886/stream_buffer.o
 .debug_info    0x0000000000009025       0xdb build/pic32mx470_curiosity/production/_ext/1360937237/main.o
 .debug_info    0x0000000000009100      0x202 build/pic32mx470_curiosity/production/_ext/1360937237/app.o
 .debug_info    0x0000000000009302      0x212 build/pic32mx470_curiosity/production/_ext/1360937237/app1.o
 .debug_info    0x0000000000009514       0x3f /opt/microchip/xc32/v4.30/bin/bin/../../lib/gcc/pic32mx/8.3.1/../../../../pic32mx/lib/libpic32.a(default-on-reset.o)
 .debug_info    0x0000000000009553       0x3f /opt/microchip/xc32/v4.30/bin/bin/../../lib/gcc/pic32mx/8.3.1/../../../../pic32mx/lib/libpic32.a(default-on-bootstrap.o)
 .debug_info    0x0000000000009592       0x40 /opt/microchip/xc32/v4.30/bin/bin/../../lib/gcc/pic32mx/8.3.1/../../../../pic32mx/lib/libpic32.a(defaultinterrupt.o)

.debug_abbrev   0x0000000000000000     0x1d9d
 *.elf(.debug_abbrev)
 *(.debug_abbrev)
 .debug_abbrev  0x0000000000000000       0x6f build/pic32mx470_curiosity/production/_ext/1866994462/bsp.o
 .debug_abbrev  0x000000000000006f      0x1c9 build/pic32mx470_curiosity/production/_ext/2042640400/osal_freertos.o
 .debug_abbrev  0x0000000000000238       0xd8 build/pic32mx470_curiosity/production/_ext/1949220912/plib_clk.o
 .debug_abbrev  0x0000000000000310       0xe6 build/pic32mx470_curiosity/production/_ext/296236899/plib_evic.o
 .debug_abbrev  0x00000000000003f6       0xdd build/pic32mx470_curiosity/production/_ext/296183071/plib_gpio.o
 .debug_abbrev  0x00000000000004d3       0x9e build/pic32mx470_curiosity/production/_ext/1098930264/xc32_monitor.o
 .debug_abbrev  0x0000000000000571      0x101 build/pic32mx470_curiosity/production/_ext/1130503790/initialization.o
 .debug_abbrev  0x0000000000000672       0x26 build/pic32mx470_curiosity/production/_ext/1130503790/interrupts.o
 .debug_abbrev  0x0000000000000698       0x67 build/pic32mx470_curiosity/production/_ext/1130503790/exceptions.o
 .debug_abbrev  0x00000000000006ff      0x112 build/pic32mx470_curiosity/production/_ext/1130503790/freertos_hooks.o
 .debug_abbrev  0x0000000000000811      0x11c build/pic32mx470_curiosity/production/_ext/1130503790/tasks.o
 .debug_abbrev  0x000000000000092d      0x159 build/pic32mx470_curiosity/production/_ext/1665200909/heap_1.o
 .debug_abbrev  0x0000000000000a86      0x37e build/pic32mx470_curiosity/production/_ext/951553248/port.o
 .debug_abbrev  0x0000000000000e04       0x14 build/pic32mx470_curiosity/production/_ext/951553248/port_asm.o
 .debug_abbrev  0x0000000000000e18       0x26 build/pic32mx470_curiosity/production/_ext/404212886/croutine.o
 .debug_abbrev  0x0000000000000e3e      0x103 build/pic32mx470_curiosity/production/_ext/404212886/list.o
 .debug_abbrev  0x0000000000000f41      0x2ab build/pic32mx470_curiosity/production/_ext/404212886/queue.o
 .debug_abbrev  0x00000000000011ec      0x39c build/pic32mx470_curiosity/production/_ext/404212886/FreeRTOS_tasks.o
 .debug_abbrev  0x0000000000001588       0x26 build/pic32mx470_curiosity/production/_ext/404212886/timers.o
 .debug_abbrev  0x00000000000015ae      0x21a build/pic32mx470_curiosity/production/_ext/404212886/event_groups.o
 .debug_abbrev  0x00000000000017c8      0x254 build/pic32mx470_curiosity/production/_ext/404212886/stream_buffer.o
 .debug_abbrev  0x0000000000001a1c       0x82 build/pic32mx470_curiosity/production/_ext/1360937237/main.o
 .debug_abbrev  0x0000000000001a9e      0x146 build/pic32mx470_curiosity/production/_ext/1360937237/app.o
 .debug_abbrev  0x0000000000001be4      0x12c build/pic32mx470_curiosity/production/_ext/1360937237/app1.o
 .debug_abbrev  0x0000000000001d10       0x2e /opt/microchip/xc32/v4.30/bin/bin/../../lib/gcc/pic32mx/8.3.1/../../../../pic32mx/lib/libpic32.a(default-on-reset.o)
 .debug_abbrev  0x0000000000001d3e       0x2e /opt/microchip/xc32/v4.30/bin/bin/../../lib/gcc/pic32mx/8.3.1/../../../../pic32mx/lib/libpic32.a(default-on-bootstrap.o)
 .debug_abbrev  0x0000000000001d6c       0x31 /opt/microchip/xc32/v4.30/bin/bin/../../lib/gcc/pic32mx/8.3.1/../../../../pic32mx/lib/libpic32.a(defaultinterrupt.o)

.debug_line     0x0000000000000000     0x5ffc
 *.elf(.debug_line)
 *(.debug_line)
 .debug_line    0x0000000000000000      0x141 build/pic32mx470_curiosity/production/_ext/1866994462/bsp.o
 .debug_line    0x0000000000000141      0x4b0 build/pic32mx470_curiosity/production/_ext/2042640400/osal_freertos.o
 .debug_line    0x00000000000005f1      0x18a build/pic32mx470_curiosity/production/_ext/1949220912/plib_clk.o
 .debug_line    0x000000000000077b      0x2d6 build/pic32mx470_curiosity/production/_ext/296236899/plib_evic.o
 .debug_line    0x0000000000000a51      0x2aa build/pic32mx470_curiosity/production/_ext/296183071/plib_gpio.o
 .debug_line    0x0000000000000cfb       0xfe build/pic32mx470_curiosity/production/_ext/1098930264/xc32_monitor.o
 .debug_line    0x0000000000000df9      0x390 build/pic32mx470_curiosity/production/_ext/1130503790/initialization.o
 .debug_line    0x0000000000001189       0x1d build/pic32mx470_curiosity/production/_ext/1130503790/interrupts.o
 .debug_line    0x00000000000011a6      0x112 build/pic32mx470_curiosity/production/_ext/1130503790/exceptions.o
 .debug_line    0x00000000000012b8      0x26d build/pic32mx470_curiosity/production/_ext/1130503790/freertos_hooks.o
 .debug_line    0x0000000000001525      0x1b0 build/pic32mx470_curiosity/production/_ext/1130503790/tasks.o
 .debug_line    0x00000000000016d5      0x26e build/pic32mx470_curiosity/production/_ext/1665200909/heap_1.o
 .debug_line    0x0000000000001943      0x388 build/pic32mx470_curiosity/production/_ext/951553248/port.o
 .debug_line    0x0000000000001ccb       0xfc build/pic32mx470_curiosity/production/_ext/951553248/port_asm.o
 .debug_line    0x0000000000001dc7       0x1d build/pic32mx470_curiosity/production/_ext/404212886/croutine.o
 .debug_line    0x0000000000001de4      0x362 build/pic32mx470_curiosity/production/_ext/404212886/list.o
 .debug_line    0x0000000000002146      0xe54 build/pic32mx470_curiosity/production/_ext/404212886/queue.o
 .debug_line    0x0000000000002f9a     0x18a7 build/pic32mx470_curiosity/production/_ext/404212886/FreeRTOS_tasks.o
 .debug_line    0x0000000000004841       0x1d build/pic32mx470_curiosity/production/_ext/404212886/timers.o
 .debug_line    0x000000000000485e      0x64e build/pic32mx470_curiosity/production/_ext/404212886/event_groups.o
 .debug_line    0x0000000000004eac      0xa2e build/pic32mx470_curiosity/production/_ext/404212886/stream_buffer.o
 .debug_line    0x00000000000058da       0xe2 build/pic32mx470_curiosity/production/_ext/1360937237/main.o
 .debug_line    0x00000000000059bc      0x243 build/pic32mx470_curiosity/production/_ext/1360937237/app.o
 .debug_line    0x0000000000005bff      0x1e4 build/pic32mx470_curiosity/production/_ext/1360937237/app1.o
 .debug_line    0x0000000000005de3       0xa6 /opt/microchip/xc32/v4.30/bin/bin/../../lib/gcc/pic32mx/8.3.1/../../../../pic32mx/lib/libpic32.a(default-on-reset.o)
 .debug_line    0x0000000000005e89       0xaa /opt/microchip/xc32/v4.30/bin/bin/../../lib/gcc/pic32mx/8.3.1/../../../../pic32mx/lib/libpic32.a(default-on-bootstrap.o)
 .debug_line    0x0000000000005f33       0xc9 /opt/microchip/xc32/v4.30/bin/bin/../../lib/gcc/pic32mx/8.3.1/../../../../pic32mx/lib/libpic32.a(defaultinterrupt.o)

.debug_frame    0x0000000000000000     0x135c
 *.elf(.debug_frame)
 *(.debug_frame)
 .debug_frame   0x0000000000000000       0x20 build/pic32mx470_curiosity/production/_ext/1866994462/bsp.o
 .debug_frame   0x0000000000000020      0x1b4 build/pic32mx470_curiosity/production/_ext/2042640400/osal_freertos.o
 .debug_frame   0x00000000000001d4       0x20 build/pic32mx470_curiosity/production/_ext/1949220912/plib_clk.o
 .debug_frame   0x00000000000001f4       0xd4 build/pic32mx470_curiosity/production/_ext/296236899/plib_evic.o
 .debug_frame   0x00000000000002c8       0xa0 build/pic32mx470_curiosity/production/_ext/296183071/plib_gpio.o
 .debug_frame   0x0000000000000368       0x30 build/pic32mx470_curiosity/production/_ext/1098930264/xc32_monitor.o
 .debug_frame   0x0000000000000398       0x2c build/pic32mx470_curiosity/production/_ext/1130503790/initialization.o
 .debug_frame   0x00000000000003c4       0x40 build/pic32mx470_curiosity/production/_ext/1130503790/exceptions.o
 .debug_frame   0x0000000000000404       0x7c build/pic32mx470_curiosity/production/_ext/1130503790/freertos_hooks.o
 .debug_frame   0x0000000000000480       0x5c build/pic32mx470_curiosity/production/_ext/1130503790/tasks.o
 .debug_frame   0x00000000000004dc       0x60 build/pic32mx470_curiosity/production/_ext/1665200909/heap_1.o
 .debug_frame   0x000000000000053c       0xf0 build/pic32mx470_curiosity/production/_ext/951553248/port.o
 .debug_frame   0x000000000000062c       0x60 build/pic32mx470_curiosity/production/_ext/404212886/list.o
 .debug_frame   0x000000000000068c      0x2e8 build/pic32mx470_curiosity/production/_ext/404212886/queue.o
 .debug_frame   0x0000000000000974      0x52c build/pic32mx470_curiosity/production/_ext/404212886/FreeRTOS_tasks.o
 .debug_frame   0x0000000000000ea0      0x138 build/pic32mx470_curiosity/production/_ext/404212886/event_groups.o
 .debug_frame   0x0000000000000fd8      0x284 build/pic32mx470_curiosity/production/_ext/404212886/stream_buffer.o
 .debug_frame   0x000000000000125c       0x28 build/pic32mx470_curiosity/production/_ext/1360937237/main.o
 .debug_frame   0x0000000000001284       0x3c build/pic32mx470_curiosity/production/_ext/1360937237/app.o
 .debug_frame   0x00000000000012c0       0x3c build/pic32mx470_curiosity/production/_ext/1360937237/app1.o
 .debug_frame   0x00000000000012fc       0x20 /opt/microchip/xc32/v4.30/bin/bin/../../lib/gcc/pic32mx/8.3.1/../../../../pic32mx/lib/libpic32.a(default-on-reset.o)
 .debug_frame   0x000000000000131c       0x20 /opt/microchip/xc32/v4.30/bin/bin/../../lib/gcc/pic32mx/8.3.1/../../../../pic32mx/lib/libpic32.a(default-on-bootstrap.o)
 .debug_frame   0x000000000000133c       0x20 /opt/microchip/xc32/v4.30/bin/bin/../../lib/gcc/pic32mx/8.3.1/../../../../pic32mx/lib/libpic32.a(defaultinterrupt.o)

.debug_str      0x0000000000000000     0x8011
 *.elf(.debug_str)
 *(.debug_str)
 .debug_str     0x0000000000000000      0x2eb build/pic32mx470_curiosity/production/_ext/1866994462/bsp.o
 .debug_str     0x00000000000002eb      0x6cd build/pic32mx470_curiosity/production/_ext/2042640400/osal_freertos.o
 .debug_str     0x00000000000009b8      0x41c build/pic32mx470_curiosity/production/_ext/1949220912/plib_clk.o
 .debug_str     0x0000000000000dd4      0x413 build/pic32mx470_curiosity/production/_ext/296236899/plib_evic.o
 .debug_str     0x00000000000011e7      0x3fb build/pic32mx470_curiosity/production/_ext/296183071/plib_gpio.o
 .debug_str     0x00000000000015e2      0x292 build/pic32mx470_curiosity/production/_ext/1098930264/xc32_monitor.o
 .debug_str     0x0000000000001874      0x3f5 build/pic32mx470_curiosity/production/_ext/1130503790/initialization.o
 .debug_str     0x0000000000001c69      0x2d2 build/pic32mx470_curiosity/production/_ext/1130503790/interrupts.o
 .debug_str     0x0000000000001f3b      0x334 build/pic32mx470_curiosity/production/_ext/1130503790/exceptions.o
 .debug_str     0x000000000000226f      0x3c0 build/pic32mx470_curiosity/production/_ext/1130503790/freertos_hooks.o
 .debug_str     0x000000000000262f      0x377 build/pic32mx470_curiosity/production/_ext/1130503790/tasks.o
 .debug_str     0x00000000000029a6      0x3b3 build/pic32mx470_curiosity/production/_ext/1665200909/heap_1.o
 .debug_str     0x0000000000002d59      0x74b build/pic32mx470_curiosity/production/_ext/951553248/port.o
 .debug_str     0x00000000000034a4       0xa6 build/pic32mx470_curiosity/production/_ext/951553248/port_asm.o
 .debug_str     0x000000000000354a      0x2d5 build/pic32mx470_curiosity/production/_ext/404212886/croutine.o
 .debug_str     0x000000000000381f      0x414 build/pic32mx470_curiosity/production/_ext/404212886/list.o
 .debug_str     0x0000000000003c33      0xacd build/pic32mx470_curiosity/production/_ext/404212886/queue.o
 .debug_str     0x0000000000004700     0x106c build/pic32mx470_curiosity/production/_ext/404212886/FreeRTOS_tasks.o
 .debug_str     0x000000000000576c      0x2d3 build/pic32mx470_curiosity/production/_ext/404212886/timers.o
 .debug_str     0x0000000000005a3f      0x73f build/pic32mx470_curiosity/production/_ext/404212886/event_groups.o
 .debug_str     0x000000000000617e      0xa0e build/pic32mx470_curiosity/production/_ext/404212886/stream_buffer.o
 .debug_str     0x0000000000006b8c      0x2ce build/pic32mx470_curiosity/production/_ext/1360937237/main.o
 .debug_str     0x0000000000006e5a      0x3d2 build/pic32mx470_curiosity/production/_ext/1360937237/app.o
 .debug_str     0x000000000000722c      0x3dc build/pic32mx470_curiosity/production/_ext/1360937237/app1.o
 .debug_str     0x0000000000007608      0x34d /opt/microchip/xc32/v4.30/bin/bin/../../lib/gcc/pic32mx/8.3.1/../../../../pic32mx/lib/libpic32.a(default-on-reset.o)
 .debug_str     0x0000000000007955      0x355 /opt/microchip/xc32/v4.30/bin/bin/../../lib/gcc/pic32mx/8.3.1/../../../../pic32mx/lib/libpic32.a(default-on-bootstrap.o)
 .debug_str     0x0000000000007caa      0x367 /opt/microchip/xc32/v4.30/bin/bin/../../lib/gcc/pic32mx/8.3.1/../../../../pic32mx/lib/libpic32.a(defaultinterrupt.o)

.debug_loc      0x0000000000000000     0x6387
 *.elf(.debug_loc)
 *(.debug_loc)
 .debug_loc     0x0000000000000000      0x544 build/pic32mx470_curiosity/production/_ext/2042640400/osal_freertos.o
 .debug_loc     0x0000000000000544       0xef build/pic32mx470_curiosity/production/_ext/296236899/plib_evic.o
 .debug_loc     0x0000000000000633      0x172 build/pic32mx470_curiosity/production/_ext/296183071/plib_gpio.o
 .debug_loc     0x00000000000007a5       0x25 build/pic32mx470_curiosity/production/_ext/1130503790/initialization.o
 .debug_loc     0x00000000000007ca       0xb6 build/pic32mx470_curiosity/production/_ext/1130503790/freertos_hooks.o
 .debug_loc     0x0000000000000880       0x4a build/pic32mx470_curiosity/production/_ext/1130503790/tasks.o
 .debug_loc     0x00000000000008ca       0x6f build/pic32mx470_curiosity/production/_ext/1665200909/heap_1.o
 .debug_loc     0x0000000000000939      0x13e build/pic32mx470_curiosity/production/_ext/951553248/port.o
 .debug_loc     0x0000000000000a77       0x61 build/pic32mx470_curiosity/production/_ext/404212886/list.o
 .debug_loc     0x0000000000000ad8     0x1674 build/pic32mx470_curiosity/production/_ext/404212886/queue.o
 .debug_loc     0x000000000000214c     0x223c build/pic32mx470_curiosity/production/_ext/404212886/FreeRTOS_tasks.o
 .debug_loc     0x0000000000004388      0xaf7 build/pic32mx470_curiosity/production/_ext/404212886/event_groups.o
 .debug_loc     0x0000000000004e7f     0x1508 build/pic32mx470_curiosity/production/_ext/404212886/stream_buffer.o

.debug_macinfo
 *.elf(.debug_macinfo)
 *(.debug_macinfo)

.debug_weaknames
 *.elf(.debug_weaknames)
 *(.debug_weaknames)

.debug_funcnames
 *.elf(.debug_funcnames)
 *(.debug_funcnames)

.debug_typenames
 *.elf(.debug_typenames)
 *(.debug_typenames)

.debug_varnames
 *.elf(.debug_varnames)
 *(.debug_varnames)

.debug_pubtypes
 *.elf(.debug_pubtypes)
 *(.debug_pubtypes)

.debug_ranges   0x0000000000000000      0x848
 *.elf(.debug_ranges)
 *(.debug_ranges)
 .debug_ranges  0x0000000000000000       0x10 build/pic32mx470_curiosity/production/_ext/1866994462/bsp.o
 .debug_ranges  0x0000000000000010       0x80 build/pic32mx470_curiosity/production/_ext/2042640400/osal_freertos.o
 .debug_ranges  0x0000000000000090       0x10 build/pic32mx470_curiosity/production/_ext/1949220912/plib_clk.o
 .debug_ranges  0x00000000000000a0       0x58 build/pic32mx470_curiosity/production/_ext/296236899/plib_evic.o
 .debug_ranges  0x00000000000000f8       0x50 build/pic32mx470_curiosity/production/_ext/296183071/plib_gpio.o
 .debug_ranges  0x0000000000000148       0x18 build/pic32mx470_curiosity/production/_ext/1098930264/xc32_monitor.o
 .debug_ranges  0x0000000000000160       0x10 build/pic32mx470_curiosity/production/_ext/1130503790/initialization.o
 .debug_ranges  0x0000000000000170       0x18 build/pic32mx470_curiosity/production/_ext/1130503790/exceptions.o
 .debug_ranges  0x0000000000000188       0x30 build/pic32mx470_curiosity/production/_ext/1130503790/freertos_hooks.o
 .debug_ranges  0x00000000000001b8       0x20 build/pic32mx470_curiosity/production/_ext/1130503790/tasks.o
 .debug_ranges  0x00000000000001d8       0x28 build/pic32mx470_curiosity/production/_ext/1665200909/heap_1.o
 .debug_ranges  0x0000000000000200       0x48 build/pic32mx470_curiosity/production/_ext/951553248/port.o
 .debug_ranges  0x0000000000000248       0x30 build/pic32mx470_curiosity/production/_ext/404212886/list.o
 .debug_ranges  0x0000000000000278      0x1c0 build/pic32mx470_curiosity/production/_ext/404212886/queue.o
 .debug_ranges  0x0000000000000438      0x268 build/pic32mx470_curiosity/production/_ext/404212886/FreeRTOS_tasks.o
 .debug_ranges  0x00000000000006a0       0x68 build/pic32mx470_curiosity/production/_ext/404212886/event_groups.o
 .debug_ranges  0x0000000000000708       0xd0 build/pic32mx470_curiosity/production/_ext/404212886/stream_buffer.o
 .debug_ranges  0x00000000000007d8       0x10 build/pic32mx470_curiosity/production/_ext/1360937237/main.o
 .debug_ranges  0x00000000000007e8       0x18 build/pic32mx470_curiosity/production/_ext/1360937237/app.o
 .debug_ranges  0x0000000000000800       0x18 build/pic32mx470_curiosity/production/_ext/1360937237/app1.o
 .debug_ranges  0x0000000000000818       0x10 /opt/microchip/xc32/v4.30/bin/bin/../../lib/gcc/pic32mx/8.3.1/../../../../pic32mx/lib/libpic32.a(default-on-reset.o)
 .debug_ranges  0x0000000000000828       0x10 /opt/microchip/xc32/v4.30/bin/bin/../../lib/gcc/pic32mx/8.3.1/../../../../pic32mx/lib/libpic32.a(default-on-bootstrap.o)
 .debug_ranges  0x0000000000000838       0x10 /opt/microchip/xc32/v4.30/bin/bin/../../lib/gcc/pic32mx/8.3.1/../../../../pic32mx/lib/libpic32.a(defaultinterrupt.o)

.gnu.attributes
                0x0000000000000000       0x10
 *(.gnu.attributes)
 .gnu.attributes
                0x0000000000000000       0x10 /opt/microchip/xc32/v4.30/bin/bin/../../lib/gcc/pic32mx/8.3.1/../../../../pic32mx/lib/debug-exception-return.o
 .gnu.attributes
                0x0000000000000010       0x10 build/pic32mx470_curiosity/production/_ext/1866994462/bsp.o
 .gnu.attributes
                0x0000000000000020       0x10 build/pic32mx470_curiosity/production/_ext/2042640400/osal_freertos.o
 .gnu.attributes
                0x0000000000000030       0x10 build/pic32mx470_curiosity/production/_ext/1949220912/plib_clk.o
 .gnu.attributes
                0x0000000000000040       0x10 build/pic32mx470_curiosity/production/_ext/296236899/plib_evic.o
 .gnu.attributes
                0x0000000000000050       0x10 build/pic32mx470_curiosity/production/_ext/296183071/plib_gpio.o
 .gnu.attributes
                0x0000000000000060       0x10 build/pic32mx470_curiosity/production/_ext/1098930264/xc32_monitor.o
 .gnu.attributes
                0x0000000000000070       0x10 build/pic32mx470_curiosity/production/_ext/1130503790/initialization.o
 .gnu.attributes
                0x0000000000000080       0x10 build/pic32mx470_curiosity/production/_ext/1130503790/interrupts.o
 .gnu.attributes
                0x0000000000000090       0x10 build/pic32mx470_curiosity/production/_ext/1130503790/interrupts_a.o
 .gnu.attributes
                0x00000000000000a0       0x10 build/pic32mx470_curiosity/production/_ext/1130503790/exceptions.o
 .gnu.attributes
                0x00000000000000b0       0x10 build/pic32mx470_curiosity/production/_ext/1130503790/freertos_hooks.o
 .gnu.attributes
                0x00000000000000c0       0x10 build/pic32mx470_curiosity/production/_ext/1130503790/tasks.o
 .gnu.attributes
                0x00000000000000d0       0x10 build/pic32mx470_curiosity/production/_ext/1665200909/heap_1.o
 .gnu.attributes
                0x00000000000000e0       0x10 build/pic32mx470_curiosity/production/_ext/951553248/port.o
 .gnu.attributes
                0x00000000000000f0       0x10 build/pic32mx470_curiosity/production/_ext/951553248/port_asm.o
 .gnu.attributes
                0x0000000000000100       0x10 build/pic32mx470_curiosity/production/_ext/404212886/croutine.o
 .gnu.attributes
                0x0000000000000110       0x10 build/pic32mx470_curiosity/production/_ext/404212886/list.o
 .gnu.attributes
                0x0000000000000120       0x10 build/pic32mx470_curiosity/production/_ext/404212886/queue.o
 .gnu.attributes
                0x0000000000000130       0x10 build/pic32mx470_curiosity/production/_ext/404212886/FreeRTOS_tasks.o
 .gnu.attributes
                0x0000000000000140       0x10 build/pic32mx470_curiosity/production/_ext/404212886/timers.o
 .gnu.attributes
                0x0000000000000150       0x10 build/pic32mx470_curiosity/production/_ext/404212886/event_groups.o
 .gnu.attributes
                0x0000000000000160       0x10 build/pic32mx470_curiosity/production/_ext/404212886/stream_buffer.o
 .gnu.attributes
                0x0000000000000170       0x10 build/pic32mx470_curiosity/production/_ext/1360937237/main.o
 .gnu.attributes
                0x0000000000000180       0x10 build/pic32mx470_curiosity/production/_ext/1360937237/app.o
 .gnu.attributes
                0x0000000000000190       0x10 build/pic32mx470_curiosity/production/_ext/1360937237/app1.o
 .gnu.attributes
                0x00000000000001a0       0x10 /tmp/ccZezZuI.o
 .gnu.attributes
                0x00000000000001b0       0x10 /tmp/cce7Zh4t.o
 .gnu.attributes
                0x00000000000001c0       0x10 /tmp/ccGRAQes.o
 .gnu.attributes
                0x00000000000001d0       0x10 /opt/microchip/xc32/v4.30/bin/bin/../../lib/gcc/pic32mx/8.3.1/../../../../pic32mx/lib/pic32_software_reset.o
 .gnu.attributes
                0x00000000000001e0       0x10 /opt/microchip/xc32/v4.30/bin/bin/../../lib/gcc/pic32mx/8.3.1/../../../../pic32mx/lib/libpic32.a(memcpy.o)
 .gnu.attributes
                0x00000000000001f0       0x10 /opt/microchip/xc32/v4.30/bin/bin/../../lib/gcc/pic32mx/8.3.1/../../../../pic32mx/lib/libpic32.a(memset.o)
 .gnu.attributes
                0x0000000000000200       0x10 /opt/microchip/xc32/v4.30/bin/bin/../../lib/gcc/pic32mx/8.3.1/../../../../pic32mx/lib/libpic32.a(default-on-reset.o)
 .gnu.attributes
                0x0000000000000210       0x10 /opt/microchip/xc32/v4.30/bin/bin/../../lib/gcc/pic32mx/8.3.1/../../../../pic32mx/lib/libpic32.a(default-on-bootstrap.o)
 .gnu.attributes
                0x0000000000000220       0x10 /opt/microchip/xc32/v4.30/bin/bin/../../lib/gcc/pic32mx/8.3.1/../../../../pic32mx/lib/libpic32.a(default-nmi-handler.o)
 .gnu.attributes
                0x0000000000000230       0x10 /opt/microchip/xc32/v4.30/bin/bin/../../lib/gcc/pic32mx/8.3.1/../../../../pic32mx/lib/libpic32.a(pic32_data_init_core.o)
 .gnu.attributes
                0x0000000000000240       0x10 /opt/microchip/xc32/v4.30/bin/bin/../../lib/gcc/pic32mx/8.3.1/../../../../pic32mx/lib/libpic32.a(general-exception.o)
 .gnu.attributes
                0x0000000000000250       0x10 /opt/microchip/xc32/v4.30/bin/bin/../../lib/gcc/pic32mx/8.3.1/../../../../pic32mx/lib/libpic32.a(vector0.o)
 .gnu.attributes
                0x0000000000000260       0x10 /opt/microchip/xc32/v4.30/bin/bin/../../lib/gcc/pic32mx/8.3.1/../../../../pic32mx/lib/libpic32.a(vector2.o)
 .gnu.attributes
                0x0000000000000270       0x10 /opt/microchip/xc32/v4.30/bin/bin/../../lib/gcc/pic32mx/8.3.1/../../../../pic32mx/lib/libpic32.a(vector3.o)
 .gnu.attributes
                0x0000000000000280       0x10 /opt/microchip/xc32/v4.30/bin/bin/../../lib/gcc/pic32mx/8.3.1/../../../../pic32mx/lib/libpic32.a(vector5.o)
 .gnu.attributes
                0x0000000000000290       0x10 /opt/microchip/xc32/v4.30/bin/bin/../../lib/gcc/pic32mx/8.3.1/../../../../pic32mx/lib/libpic32.a(vector6.o)
 .gnu.attributes
                0x00000000000002a0       0x10 /opt/microchip/xc32/v4.30/bin/bin/../../lib/gcc/pic32mx/8.3.1/../../../../pic32mx/lib/libpic32.a(vector7.o)
 .gnu.attributes
                0x00000000000002b0       0x10 /opt/microchip/xc32/v4.30/bin/bin/../../lib/gcc/pic32mx/8.3.1/../../../../pic32mx/lib/libpic32.a(vector8.o)
 .gnu.attributes
                0x00000000000002c0       0x10 /opt/microchip/xc32/v4.30/bin/bin/../../lib/gcc/pic32mx/8.3.1/../../../../pic32mx/lib/libpic32.a(vector9.o)
 .gnu.attributes
                0x00000000000002d0       0x10 /opt/microchip/xc32/v4.30/bin/bin/../../lib/gcc/pic32mx/8.3.1/../../../../pic32mx/lib/libpic32.a(vector10.o)
 .gnu.attributes
                0x00000000000002e0       0x10 /opt/microchip/xc32/v4.30/bin/bin/../../lib/gcc/pic32mx/8.3.1/../../../../pic32mx/lib/libpic32.a(vector11.o)
 .gnu.attributes
                0x00000000000002f0       0x10 /opt/microchip/xc32/v4.30/bin/bin/../../lib/gcc/pic32mx/8.3.1/../../../../pic32mx/lib/libpic32.a(vector12.o)
 .gnu.attributes
                0x0000000000000300       0x10 /opt/microchip/xc32/v4.30/bin/bin/../../lib/gcc/pic32mx/8.3.1/../../../../pic32mx/lib/libpic32.a(vector13.o)
 .gnu.attributes
                0x0000000000000310       0x10 /opt/microchip/xc32/v4.30/bin/bin/../../lib/gcc/pic32mx/8.3.1/../../../../pic32mx/lib/libpic32.a(vector14.o)
 .gnu.attributes
                0x0000000000000320       0x10 /opt/microchip/xc32/v4.30/bin/bin/../../lib/gcc/pic32mx/8.3.1/../../../../pic32mx/lib/libpic32.a(vector15.o)
 .gnu.attributes
                0x0000000000000330       0x10 /opt/microchip/xc32/v4.30/bin/bin/../../lib/gcc/pic32mx/8.3.1/../../../../pic32mx/lib/libpic32.a(vector16.o)
 .gnu.attributes
                0x0000000000000340       0x10 /opt/microchip/xc32/v4.30/bin/bin/../../lib/gcc/pic32mx/8.3.1/../../../../pic32mx/lib/libpic32.a(vector17.o)
 .gnu.attributes
                0x0000000000000350       0x10 /opt/microchip/xc32/v4.30/bin/bin/../../lib/gcc/pic32mx/8.3.1/../../../../pic32mx/lib/libpic32.a(vector18.o)
 .gnu.attributes
                0x0000000000000360       0x10 /opt/microchip/xc32/v4.30/bin/bin/../../lib/gcc/pic32mx/8.3.1/../../../../pic32mx/lib/libpic32.a(vector19.o)
 .gnu.attributes
                0x0000000000000370       0x10 /opt/microchip/xc32/v4.30/bin/bin/../../lib/gcc/pic32mx/8.3.1/../../../../pic32mx/lib/libpic32.a(vector20.o)
 .gnu.attributes
                0x0000000000000380       0x10 /opt/microchip/xc32/v4.30/bin/bin/../../lib/gcc/pic32mx/8.3.1/../../../../pic32mx/lib/libpic32.a(vector21.o)
 .gnu.attributes
                0x0000000000000390       0x10 /opt/microchip/xc32/v4.30/bin/bin/../../lib/gcc/pic32mx/8.3.1/../../../../pic32mx/lib/libpic32.a(vector22.o)
 .gnu.attributes
                0x00000000000003a0       0x10 /opt/microchip/xc32/v4.30/bin/bin/../../lib/gcc/pic32mx/8.3.1/../../../../pic32mx/lib/libpic32.a(vector23.o)
 .gnu.attributes
                0x00000000000003b0       0x10 /opt/microchip/xc32/v4.30/bin/bin/../../lib/gcc/pic32mx/8.3.1/../../../../pic32mx/lib/libpic32.a(vector24.o)
 .gnu.attributes
                0x00000000000003c0       0x10 /opt/microchip/xc32/v4.30/bin/bin/../../lib/gcc/pic32mx/8.3.1/../../../../pic32mx/lib/libpic32.a(vector25.o)
 .gnu.attributes
                0x00000000000003d0       0x10 /opt/microchip/xc32/v4.30/bin/bin/../../lib/gcc/pic32mx/8.3.1/../../../../pic32mx/lib/libpic32.a(vector26.o)
 .gnu.attributes
                0x00000000000003e0       0x10 /opt/microchip/xc32/v4.30/bin/bin/../../lib/gcc/pic32mx/8.3.1/../../../../pic32mx/lib/libpic32.a(vector27.o)
 .gnu.attributes
                0x00000000000003f0       0x10 /opt/microchip/xc32/v4.30/bin/bin/../../lib/gcc/pic32mx/8.3.1/../../../../pic32mx/lib/libpic32.a(vector28.o)
 .gnu.attributes
                0x0000000000000400       0x10 /opt/microchip/xc32/v4.30/bin/bin/../../lib/gcc/pic32mx/8.3.1/../../../../pic32mx/lib/libpic32.a(vector29.o)
 .gnu.attributes
                0x0000000000000410       0x10 /opt/microchip/xc32/v4.30/bin/bin/../../lib/gcc/pic32mx/8.3.1/../../../../pic32mx/lib/libpic32.a(vector30.o)
 .gnu.attributes
                0x0000000000000420       0x10 /opt/microchip/xc32/v4.30/bin/bin/../../lib/gcc/pic32mx/8.3.1/../../../../pic32mx/lib/libpic32.a(vector31.o)
 .gnu.attributes
                0x0000000000000430       0x10 /opt/microchip/xc32/v4.30/bin/bin/../../lib/gcc/pic32mx/8.3.1/../../../../pic32mx/lib/libpic32.a(vector32.o)
 .gnu.attributes
                0x0000000000000440       0x10 /opt/microchip/xc32/v4.30/bin/bin/../../lib/gcc/pic32mx/8.3.1/../../../../pic32mx/lib/libpic32.a(vector33.o)
 .gnu.attributes
                0x0000000000000450       0x10 /opt/microchip/xc32/v4.30/bin/bin/../../lib/gcc/pic32mx/8.3.1/../../../../pic32mx/lib/libpic32.a(vector34.o)
 .gnu.attributes
                0x0000000000000460       0x10 /opt/microchip/xc32/v4.30/bin/bin/../../lib/gcc/pic32mx/8.3.1/../../../../pic32mx/lib/libpic32.a(vector35.o)
 .gnu.attributes
                0x0000000000000470       0x10 /opt/microchip/xc32/v4.30/bin/bin/../../lib/gcc/pic32mx/8.3.1/../../../../pic32mx/lib/libpic32.a(vector36.o)
 .gnu.attributes
                0x0000000000000480       0x10 /opt/microchip/xc32/v4.30/bin/bin/../../lib/gcc/pic32mx/8.3.1/../../../../pic32mx/lib/libpic32.a(vector37.o)
 .gnu.attributes
                0x0000000000000490       0x10 /opt/microchip/xc32/v4.30/bin/bin/../../lib/gcc/pic32mx/8.3.1/../../../../pic32mx/lib/libpic32.a(vector38.o)
 .gnu.attributes
                0x00000000000004a0       0x10 /opt/microchip/xc32/v4.30/bin/bin/../../lib/gcc/pic32mx/8.3.1/../../../../pic32mx/lib/libpic32.a(vector39.o)
 .gnu.attributes
                0x00000000000004b0       0x10 /opt/microchip/xc32/v4.30/bin/bin/../../lib/gcc/pic32mx/8.3.1/../../../../pic32mx/lib/libpic32.a(vector40.o)
 .gnu.attributes
                0x00000000000004c0       0x10 /opt/microchip/xc32/v4.30/bin/bin/../../lib/gcc/pic32mx/8.3.1/../../../../pic32mx/lib/libpic32.a(vector41.o)
 .gnu.attributes
                0x00000000000004d0       0x10 /opt/microchip/xc32/v4.30/bin/bin/../../lib/gcc/pic32mx/8.3.1/../../../../pic32mx/lib/libpic32.a(vector42.o)
 .gnu.attributes
                0x00000000000004e0       0x10 /opt/microchip/xc32/v4.30/bin/bin/../../lib/gcc/pic32mx/8.3.1/../../../../pic32mx/lib/libpic32.a(vector43.o)
 .gnu.attributes
                0x00000000000004f0       0x10 /opt/microchip/xc32/v4.30/bin/bin/../../lib/gcc/pic32mx/8.3.1/../../../../pic32mx/lib/libpic32.a(vector44.o)
 .gnu.attributes
                0x0000000000000500       0x10 /opt/microchip/xc32/v4.30/bin/bin/../../lib/gcc/pic32mx/8.3.1/../../../../pic32mx/lib/libpic32.a(vector45.o)
 .gnu.attributes
                0x0000000000000510       0x10 /opt/microchip/xc32/v4.30/bin/bin/../../lib/gcc/pic32mx/8.3.1/../../../../pic32mx/lib/libpic32.a(defaultinterrupt.o)
 .gnu.attributes
                0x0000000000000520       0x10 /opt/microchip/xc32/v4.30/bin/bin/../../lib/gcc/pic32mx/8.3.1/../../../../pic32mx/lib/libpic32.a(pic32_data_init_clear.o)
 .gnu.attributes
                0x0000000000000530       0x10 /opt/microchip/xc32/v4.30/bin/bin/../../lib/gcc/pic32mx/8.3.1/../../../../pic32mx/lib/libpic32.a(pic32_data_init_copy.o)
                0x0000000000000200                _min_heap_size = 0x200
LOAD /tmp/ccZezZuI.o
LOAD /tmp/cce7Zh4t.o
LOAD /tmp/ccGRAQes.o
LOAD /opt/microchip/xc32/v4.30/bin/bin/../../lib/gcc/pic32mx/8.3.1/../../../../pic32mx/lib/pic32_software_reset.o
LOAD /opt/microchip/xc32/v4.30/bin/bin/../../lib/gcc/pic32mx/8.3.1/libgcc.a
START GROUP
LOAD /opt/microchip/xc32/v4.30/bin/bin/../../lib/gcc/pic32mx/8.3.1/../../../../pic32mx/lib/libpic32.a
LOAD /opt/microchip/xc32/v4.30/bin/bin/../../lib/gcc/pic32mx/8.3.1/../../../../pic32mx/lib/libdebug.a
LOAD /opt/microchip/xc32/v4.30/bin/bin/../../lib/gcc/pic32mx/8.3.1/../../../../pic32mx/lib/libc-musl.a
LOAD /opt/microchip/xc32/v4.30/bin/bin/../../lib/gcc/pic32mx/8.3.1/../../../../pic32mx/lib/libm.a
LOAD /opt/microchip/xc32/v4.30/bin/bin/../../lib/gcc/pic32mx/8.3.1/../../../../pic32mx/lib/libe.a
LOAD /opt/microchip/xc32/v4.30/bin/bin/../../lib/gcc/pic32mx/8.3.1/../../../../pic32mx/lib/libm-musl.a
LOAD /opt/microchip/xc32/v4.30/bin/bin/../../lib/gcc/pic32mx/8.3.1/../../../../pic32mx/lib/libdsp.a
LOAD /opt/microchip/xc32/v4.30/bin/bin/../../lib/gcc/pic32mx/8.3.1/libgcc.a
END GROUP
LOAD /opt/microchip/xc32/v4.30/bin/bin/../../lib/gcc/pic32mx/8.3.1/libgcc.a
OUTPUT(dist/pic32mx470_curiosity/production/pic32mx470_curiosity.X.production.elf elf32-tradlittlemips)
LOAD data_init
LOAD stack

.reginfo        0x0000000000000000       0x18
 .reginfo       0x0000000000000000       0x18 /opt/microchip/xc32/v4.30/bin/bin/../../lib/gcc/pic32mx/8.3.1/../../../../pic32mx/lib/debug-exception-return.o

.stack          0x00000000a00078a8      0x400
 .stack         0x00000000a00078a8      0x400 stack

.data           0x00000000a000005c        0x4
 .data          0x00000000a000005c        0x4 build/pic32mx470_curiosity/production/_ext/404212886/FreeRTOS_tasks.o
                0x00000000a000005c                uxTopUsedPriority

.bss            0x00000000a0000060     0x7560
 .bss           0x00000000a0000060     0x6d60 build/pic32mx470_curiosity/production/_ext/1665200909/heap_1.o
 .bss           0x00000000a0006dc0      0x800 build/pic32mx470_curiosity/production/_ext/951553248/port.o
                0x00000000a0006dc0                xISRStack

.bss            0x00000000a00075c0       0xc8
 .bss           0x00000000a00075c0       0xc8 build/pic32mx470_curiosity/production/_ext/404212886/FreeRTOS_tasks.o

._debug_exception
                0x00000000bfc00480       0x2c
 ._debug_exception
                0x00000000bfc00480       0x2c /opt/microchip/xc32/v4.30/bin/bin/../../lib/gcc/pic32mx/8.3.1/../../../../pic32mx/lib/debug-exception-return.o
                0x00000000bfc00480                __DbgExecReturn

.text           0x000000009d000000      0x454
 .text          0x000000009d000000      0x454 build/pic32mx470_curiosity/production/_ext/951553248/port_asm.o
                0x000000009d000000                vPortTickInterruptHandler
                0x000000009d0001ac                vPortStartFirstTask
                0x000000009d000274                vPortYieldISR

.text.xTaskCreate
                0x000000009d000454      0x310
 .text.xTaskCreate
                0x000000009d000454      0x310 build/pic32mx470_curiosity/production/_ext/404212886/FreeRTOS_tasks.o
                0x000000009d000454                xTaskCreate

.text.xTaskIncrementTick
                0x000000009d000764      0x218
 .text.xTaskIncrementTick
                0x000000009d000764      0x218 build/pic32mx470_curiosity/production/_ext/404212886/FreeRTOS_tasks.o
                0x000000009d000764                xTaskIncrementTick

.text.xTaskGenericNotify
                0x000000009d00097c      0x218
 .text.xTaskGenericNotify
                0x000000009d00097c      0x218 build/pic32mx470_curiosity/production/_ext/404212886/FreeRTOS_tasks.o
                0x000000009d00097c                xTaskGenericNotify

.text.xTaskResumeAll
                0x000000009d000b94      0x1e8
 .text.xTaskResumeAll
                0x000000009d000b94      0x1e8 build/pic32mx470_curiosity/production/_ext/404212886/FreeRTOS_tasks.o
                0x000000009d000b94                xTaskResumeAll

.text.prvAddCurrentTaskToDelayedList
                0x000000009d000d7c      0x11c
 .text.prvAddCurrentTaskToDelayedList
                0x000000009d000d7c      0x11c build/pic32mx470_curiosity/production/_ext/404212886/FreeRTOS_tasks.o

.text.vTaskSwitchContext
                0x000000009d000e98      0x11c
 .text.vTaskSwitchContext
                0x000000009d000e98      0x11c build/pic32mx470_curiosity/production/_ext/404212886/FreeRTOS_tasks.o
                0x000000009d000e98                vTaskSwitchContext

.text.ulTaskGenericNotifyTake
                0x000000009d000fb4      0x108
 .text.ulTaskGenericNotifyTake
                0x000000009d000fb4      0x108 build/pic32mx470_curiosity/production/_ext/404212886/FreeRTOS_tasks.o
                0x000000009d000fb4                ulTaskGenericNotifyTake

.text.pvPortMalloc
                0x000000009d0010bc       0xf4
 .text.pvPortMalloc
                0x000000009d0010bc       0xf4 build/pic32mx470_curiosity/production/_ext/1665200909/heap_1.o
                0x000000009d0010bc                pvPortMalloc

.text.general_exception
                0x000000009d0011b0       0xdc
 .text.general_exception
                0x000000009d0011b0       0xdc /opt/microchip/xc32/v4.30/bin/bin/../../lib/gcc/pic32mx/8.3.1/../../../../pic32mx/lib/libpic32.a(general-exception.o)
                0x000000009d0011b0                _general_exception_context

.text.prvIdleTask
                0x000000009d00128c       0xa8
 .text.prvIdleTask
                0x000000009d00128c       0xa8 build/pic32mx470_curiosity/production/_ext/404212886/FreeRTOS_tasks.o

.text           0x000000009d001334       0xa8
 .text          0x000000009d001334       0xa8 /opt/microchip/xc32/v4.30/bin/bin/../../lib/gcc/pic32mx/8.3.1/../../../../pic32mx/lib/libpic32.a(memset.o)
                0x000000009d001334                memset

.text.SYS_Initialize
                0x000000009d0013dc       0x98
 .text.SYS_Initialize
                0x000000009d0013dc       0x98 build/pic32mx470_curiosity/production/_ext/1130503790/initialization.o
                0x000000009d0013dc                SYS_Initialize

.text.vTaskStartScheduler
                0x000000009d001474       0x80
 .text.vTaskStartScheduler
                0x000000009d001474       0x80 build/pic32mx470_curiosity/production/_ext/404212886/FreeRTOS_tasks.o
                0x000000009d001474                vTaskStartScheduler

.dinit          0x000000009d0014f4       0x80
 .dinit         0x000000009d0014f4       0x80 data_init

.text           0x000000009d001574       0x7c
 .text          0x000000009d001574       0x7c /opt/microchip/xc32/v4.30/bin/bin/../../lib/gcc/pic32mx/8.3.1/../../../../pic32mx/lib/libpic32.a(pic32_data_init_core.o)
                0x000000009d001574                __dinit_copy_emb
                0x000000009d001574                __dinit_decompress
                0x000000009d001574                __dinit_copy_val_data
                0x000000009d00157c                __pic32_data_init

.text.SYS_Tasks
                0x000000009d0015f0       0x78
 .text.SYS_Tasks
                0x000000009d0015f0       0x78 build/pic32mx470_curiosity/production/_ext/1130503790/tasks.o
                0x000000009d0015f0                SYS_Tasks

.text.vApplicationSetupTickTimerInterrupt
                0x000000009d001668       0x6c
 .text.vApplicationSetupTickTimerInterrupt
                0x000000009d001668       0x6c build/pic32mx470_curiosity/production/_ext/951553248/port.o
                0x000000009d001668                vApplicationSetupTickTimerInterrupt

.text.CLK_Initialize
                0x000000009d0016d4       0x68
 .text.CLK_Initialize
                0x000000009d0016d4       0x68 build/pic32mx470_curiosity/production/_ext/1949220912/plib_clk.o
                0x000000009d0016d4                CLK_Initialize

.text.vTaskExitCritical
                0x000000009d00173c       0x60
 .text.vTaskExitCritical
                0x000000009d00173c       0x60 build/pic32mx470_curiosity/production/_ext/404212886/FreeRTOS_tasks.o
                0x000000009d00173c                vTaskExitCritical

.text.xPortStartScheduler
                0x000000009d00179c       0x5c
 .text.xPortStartScheduler
                0x000000009d00179c       0x5c build/pic32mx470_curiosity/production/_ext/951553248/port.o
                0x000000009d00179c                xPortStartScheduler

.text.vListInsert
                0x000000009d0017f8       0x5c
 .text.vListInsert
                0x000000009d0017f8       0x5c build/pic32mx470_curiosity/production/_ext/404212886/list.o
                0x000000009d0017f8                vListInsert

.text.pxPortInitialiseStack
                0x000000009d001854       0x54
 .text.pxPortInitialiseStack
                0x000000009d001854       0x54 build/pic32mx470_curiosity/production/_ext/951553248/port.o
                0x000000009d001854                pxPortInitialiseStack

.text.vPortIncrementTick
                0x000000009d0018a8       0x54
 .text.vPortIncrementTick
                0x000000009d0018a8       0x54 build/pic32mx470_curiosity/production/_ext/951553248/port.o
                0x000000009d0018a8                vPortIncrementTick

.text.vTaskDelay
                0x000000009d0018fc       0x54
 .text.vTaskDelay
                0x000000009d0018fc       0x54 build/pic32mx470_curiosity/production/_ext/404212886/FreeRTOS_tasks.o
                0x000000009d0018fc                vTaskDelay

.text.main_entry
                0x000000009d001950       0x54
 .text.main_entry
                0x000000009d001950       0x54 /tmp/ccZezZuI.o
                0x000000009d001984                __crt0_exit

.text.GPIO_Initialize
                0x000000009d0019a4       0x4c
 .text.GPIO_Initialize
                0x000000009d0019a4       0x4c build/pic32mx470_curiosity/production/_ext/296183071/plib_gpio.o
                0x000000009d0019a4                GPIO_Initialize

.text.uxListRemove
                0x000000009d0019f0       0x48
 .text.uxListRemove
                0x000000009d0019f0       0x48 build/pic32mx470_curiosity/production/_ext/404212886/list.o
                0x000000009d0019f0                uxListRemove

.text.vTaskEnterCritical
                0x000000009d001a38       0x48
 .text.vTaskEnterCritical
                0x000000009d001a38       0x48 build/pic32mx470_curiosity/production/_ext/404212886/FreeRTOS_tasks.o
                0x000000009d001a38                vTaskEnterCritical

.text.APP_Tasks
                0x000000009d001a80       0x48
 .text.APP_Tasks
                0x000000009d001a80       0x48 build/pic32mx470_curiosity/production/_ext/1360937237/app.o
                0x000000009d001a80                APP_Tasks

.vector_default
                0x000000009d001ac8       0x48
 .vector_default
                0x000000009d001ac8       0x48 /opt/microchip/xc32/v4.30/bin/bin/../../lib/gcc/pic32mx/8.3.1/../../../../pic32mx/lib/libpic32.a(defaultinterrupt.o)
                0x000000009d001ac8                _DefaultInterrupt

.text.APP1_Tasks
                0x000000009d001b10       0x44
 .text.APP1_Tasks
                0x000000009d001b10       0x44 build/pic32mx470_curiosity/production/_ext/1360937237/app1.o
                0x000000009d001b10                APP1_Tasks

.text           0x000000009d001b54       0x44
 .text          0x000000009d001b54       0x44 /opt/microchip/xc32/v4.30/bin/bin/../../lib/gcc/pic32mx/8.3.1/../../../../pic32mx/lib/pic32_software_reset.o
                0x000000009d001b54                __pic32_software_reset

.text.BSP_Initialize
                0x000000009d001b98       0x40
 .text.BSP_Initialize
                0x000000009d001b98       0x40 build/pic32mx470_curiosity/production/_ext/1866994462/bsp.o
                0x000000009d001b98                BSP_Initialize

.text.uxPortSetInterruptMaskFromISR
                0x000000009d001bd8       0x38
 .text.uxPortSetInterruptMaskFromISR
                0x000000009d001bd8       0x38 build/pic32mx470_curiosity/production/_ext/951553248/port.o